 client

 Timestamp is 5b877deb (Thu Aug 30 01:17:31 2018)

 Preferred load address is 10000000

 Start         Length     Name                   Class
 0001:00000000 0006364eH .text                   CODE
 0001:00063650 00000dc2H .text$x                 CODE
 0001:00064420 000001b6H .text$yc                CODE
 0001:000645e0 0000006eH .text$yd                CODE
 0002:00000000 000009e8H .idata$5                DATA
 0002:000009e8 00000004H .CRT$XCA                DATA
 0002:000009ec 00000050H .CRT$XCU                DATA
 0002:00000a3c 00000004H .CRT$XCZ                DATA
 0002:00000a40 00000004H .CRT$XIA                DATA
 0002:00000a44 00000014H .CRT$XIC                DATA
 0002:00000a58 00000004H .CRT$XIZ                DATA
 0002:00000a5c 00000004H .CRT$XPA                DATA
 0002:00000a60 00000004H .CRT$XPX                DATA
 0002:00000a64 00000004H .CRT$XPXA               DATA
 0002:00000a68 00000004H .CRT$XPZ                DATA
 0002:00000a6c 00000004H .CRT$XTA                DATA
 0002:00000a70 00000004H .CRT$XTZ                DATA
 0002:00000a80 0001bb18H .rdata                  DATA
 0002:0001c598 0000342cH .rdata$r                DATA
 0002:0001f9d0 00000094H .rdata$sxdata           DATA
 0002:0001fa64 00000004H .rtc$IAA                DATA
 0002:0001fa68 00000004H .rtc$IZZ                DATA
 0002:0001fa6c 00000004H .rtc$TAA                DATA
 0002:0001fa70 00000004H .rtc$TZZ                DATA
 0002:0001fa78 00001114H .xdata$x                DATA
 0002:00020b8c 00000078H .idata$2                DATA
 0002:00020c04 00000014H .idata$3                DATA
 0002:00020c18 000009e8H .idata$4                DATA
 0002:00021600 0000662cH .idata$6                DATA
 0002:00027c30 00006fc9H .edata                  DATA
 0003:00000000 00003450H .data                   DATA
 0003:00003460 000403c8H .bss                    DATA

  Address         Publics by Value              Rva+Base       Lib:Object

 0000:00000000       __except_list              00000000     <absolute>
 0000:00000025       ___safe_se_handler_count   00000025     <absolute>
 0000:00000000       ___ImageBase               10000000     <linker-defined>
 0001:00000000       ??3CBaseEntity@@SAXPAXPAUentvars_s@@@Z 10001000 f i chumtoadweapon.obj
 0001:00000020       ?SUB_CallUseToggle@CBaseEntity@@QAEXXZ 10001020 f i chumtoadweapon.obj
 0001:00000040       ?CallMonsterThink@CBaseMonster@@QAEXXZ 10001040 f i chumtoadweapon.obj
 0001:00000050       ??0CChumToadWeapon@@QAE@XZ 10001050 f   chumtoadweapon.obj
 0001:00000080       ?SetNextThink@CBaseEntity@@UAEXM@Z 10001080 f i chumtoadweapon.obj
 0001:000000a0       ?AbsoluteNextThink@CBaseEntity@@UAEXM@Z 100010a0 f i chumtoadweapon.obj
 0001:000000c0       ?GiveAmmo@CBaseEntity@@UAEHHPADH@Z 100010c0 f i chumtoadweapon.obj
 0001:000000d0       ?IsMoving@CBaseEntity@@UAEHXZ 100010d0 f i chumtoadweapon.obj
 0001:00000130       ?IsAlive@CBasePlayer@@UAEHXZ 10001130 f i hl_baseentity.obj
 0001:00000130       ?IsAlive@CBaseEntity@@UAEHXZ 10001130 f i chumtoadweapon.obj
 0001:00000160       ?IsBSPModel@CBaseEntity@@UAEHXZ 10001160 f i chumtoadweapon.obj
 0001:00000180       ?ReflectGauss@CBaseEntity@@UAEHXZ 10001180 f i chumtoadweapon.obj
 0001:000001b0       ?HasTarget@CBaseEntity@@UAEHH@Z 100011b0 f i chumtoadweapon.obj
 0001:00000210       ?Think@CBaseEntity@@UAEXXZ 10001210 f i chumtoadweapon.obj
 0001:00000220       ?Touch@CBaseEntity@@UAEXPAV1@@Z 10001220 f i chumtoadweapon.obj
 0001:00000240       ?Use@CBaseEntity@@UAEXPAV1@0W4USE_TYPE@@M@Z 10001240 f i chumtoadweapon.obj
 0001:00000270       ?Blocked@CBaseEntity@@UAEXPAV1@@Z 10001270 f i chumtoadweapon.obj
 0001:00000290       ?Center@CBaseEntity@@UAE?AVVector@@XZ 10001290 f i chumtoadweapon.obj
 0001:000002f0       ?EarPosition@CBaseEntity@@UAE?AVVector@@XZ 100012f0 f i chumtoadweapon.obj
 0001:000002f0       ?EyePosition@CBaseEntity@@UAE?AVVector@@XZ 100012f0 f i chumtoadweapon.obj
 0001:00000320       ?BodyTargetMod@CBaseEntity@@UAE?AVVector@@ABV2@@Z 10001320 f i chumtoadweapon.obj
 0001:00000320       ?BodyTarget@CBaseEntity@@UAE?AVVector@@ABV2@@Z 10001320 f i chumtoadweapon.obj
 0001:00000340       ?Illumination@CBaseEntity@@UAEHXZ 10001340 f i chumtoadweapon.obj
 0001:00000360       ?AddWeapon@CBasePlayerWeapon@@UAEHXZ 10001360 f i chumtoadweapon.obj
 0001:00000380       ?customAttachToPlayer@CChumToadWeapon@@UAEXPAVCBasePlayer@@@Z 10001380 f   chumtoadweapon.obj
 0001:00000390       ?GetPickupWalkerName@CChumToadWeapon@@UAEPBDXZ 10001390 f   chumtoadweapon.obj
 0001:000003a0       ?Spawn@CChumToadWeapon@@UAEXXZ 100013a0 f   chumtoadweapon.obj
 0001:00000460       ?ItemRotate@CChumToadWeapon@@QAEXXZ 10001460 f   chumtoadweapon.obj
 0001:000004f0       ?Precache@CChumToadWeapon@@UAEXXZ 100014f0 f   chumtoadweapon.obj
 0001:00000580       ?setModel@CChumToadWeapon@@UAEXPBD@Z 10001580 f   chumtoadweapon.obj
 0001:00000580       ?setModel@CSqueak@@UAEXPBD@Z 10001580 f   squeakgrenade.obj
 0001:00000590       ?GetItemInfo@CChumToadWeapon@@UAEHPAUItemInfo@@@Z 10001590 f   chumtoadweapon.obj
 0001:00000600       ?Deploy@CChumToadWeapon@@UAEHXZ 10001600 f   chumtoadweapon.obj
 0001:000006d0       ?Holster@CChumToadWeapon@@UAEXH@Z 100016d0 f   chumtoadweapon.obj
 0001:000007c0       ?ItemPostFrame@CChumToadWeapon@@UAEXXZ 100017c0 f   chumtoadweapon.obj
 0001:00000820       ?WeaponIdle@CChumToadWeapon@@UAEXXZ 10001820 f   chumtoadweapon.obj
 0001:000009c0       ??$GetClassPtr@VCChumToadWeapon@@@@YAPAVCChumToadWeapon@@PAV0@@Z 100019c0 f i chumtoadweapon.obj
 0001:00000a60       _weapon_chumtoad           10001a60 f   chumtoadweapon.obj
 0001:00000a70       ?FallThinkCustom@CChumToadWeapon@@QAEXXZ 10001a70 f   chumtoadweapon.obj
 0001:00000b30       ?setModel@CChumToadWeapon@@UAEXXZ 10001b30 f   chumtoadweapon.obj
 0001:00000b30       ?setModel@CSqueak@@UAEXXZ  10001b30 f   squeakgrenade.obj
 0001:00000b40       ?FallInit@CChumToadWeapon@@UAEXXZ 10001b40 f   chumtoadweapon.obj
 0001:00000bd0       ?setExtraBulletFalse@CGlock@@QAEXXZ 10001bd0 f   glock.obj
 0001:00000be0       ?setExtraBulletTrue@CGlock@@QAEXXZ 10001be0 f   glock.obj
 0001:00000bf0       ?getExtraBullet@CGlock@@QAEHXZ 10001bf0 f   glock.obj
 0001:00000c00       ??0CGlock@@QAE@XZ          10001c00 f   glock.obj
 0001:00000cc0       ?customAttachToPlayer@CGlock@@UAEXPAVCBasePlayer@@@Z 10001cc0 f   glock.obj
 0001:00000d40       ?ExtractAmmo@CGlock@@UAEHPAVCBasePlayerWeapon@@@Z 10001d40 f   glock.obj
 0001:00000e70       ?weaponCanHaveExtraCheck@CGlock@@UAEHPAVCBasePlayer@@@Z 10001e70 f   glock.obj
 0001:00000ea0       ?weaponPlayPickupSoundException@CGlock@@UAEHPAVCBasePlayer@@@Z 10001ea0 f   glock.obj
 0001:00000eb0       ?Spawn@CGlock@@UAEXXZ      10001eb0 f   glock.obj
 0001:00000f90       ?Precache@CGlock@@UAEXXZ   10001f90 f   glock.obj
 0001:00001030       ?GetItemInfo@CGlock@@UAEHPAUItemInfo@@@Z 10002030 f   glock.obj
 0001:000010e0       ?Deploy@CGlock@@UAEHXZ     100020e0 f   glock.obj
 0001:00001140       ?Holster@CGlock@@UAEXH@Z   10002140 f   glock.obj
 0001:000011e0       ?ItemPostFrame@CGlock@@UAEXXZ 100021e0 f   glock.obj
 0001:00001850       ?GlockFire@CGlock@@QAEXMMH@Z 10002850 f   glock.obj
 0001:00001b00       ?Reload@CGlock@@UAEXXZ     10002b00 f   glock.obj
 0001:00001b90       ?WeaponIdle@CGlock@@UAEXXZ 10002b90 f   glock.obj
 0001:00001cf0       ?SendWeaponAnim@CGlock@@UAEXHHH@Z 10002cf0 f   glock.obj
 0001:00001d00       ??$GetClassPtr@VCGlock@@@@YAPAVCGlock@@PAV0@@Z 10002d00 f i glock.obj
 0001:00001da0       ?KeyValue@CBaseEntity@@UAEXPAUKeyValueData_s@@@Z 10002da0 f i glock.obj
 0001:00001dc0       _weapon_glocksilencer      10002dc0 f   glock.obj
 0001:00001dc0       _weapon_glock              10002dc0 f   glock.obj
 0001:00001dc0       _weapon_9mmhandgunsilencer 10002dc0 f   glock.obj
 0001:00001dc0       _weapon_9mmhandgun         10002dc0 f   glock.obj
 0001:00001dd0       ?SecondaryAttack@CGlock@@UAEXXZ 10002dd0 f   glock.obj
 0001:00001e40       ?PrimaryAttack@CGlock@@UAEXXZ 10002e40 f   glock.obj
 0001:00001ec0       ?Spawn@CGlockAmmo@@EAEXXZ  10002ec0 f i glock.obj
 0001:00001ef0       ?Precache@CGlockAmmo@@EAEXXZ 10002ef0 f i glock.obj
 0001:00001f10       ?AddAmmo@CGlockAmmo@@EAEHPAVCBaseEntity@@@Z 10002f10 f i glock.obj
 0001:00001f80       ??$GetClassPtr@VCGlockAmmo@@@@YAPAVCGlockAmmo@@PAV0@@Z 10002f80 f i glock.obj
 0001:00002030       _ammo_9mmclip              10003030 f   glock.obj
 0001:00002030       _ammo_glockclip            10003030 f   glock.obj
 0001:00002040       ?ENT@@YAPAUedict_s@@H@Z    10003040 f   util_entity.obj
 0001:00002050       ?OFFSET@@YAHPBUedict_s@@@Z 10003050 f   util_entity.obj
 0001:00002060       ?UTIL_VarArgsVA@@YAPADPBDPAD@Z 10003060 f   util_printout.obj
 0001:00002080       ?UTIL_VarArgsVA_ID@@YAPADPBDPAD@Z 10003080 f   util_printout.obj
 0001:000020a0       ?easyPrint@@YAXPBDZZ       100030a0 f   util_printout.obj
 0001:000020d0       ?easyPrintLine@@YAXPBDZZ   100030d0 f   util_printout.obj
 0001:00002120       ?easyForcePrintLine@@YAXPBDZZ 10003120 f   util_printout.obj
 0001:00002160       ?tryStringToFloat@@YAMPBD@Z 10003160 f   util_shared.obj
 0001:00002250       ?lowercase@@YAXPAD@Z       10003250 f   util_shared.obj
 0001:00002280       ?UTIL_substring@@YAXPADPBDHH@Z 10003280 f   util_shared.obj
 0001:000022f0       ?UTIL_findCharFirstPos@@YAHPBDD@Z 100032f0 f   util_shared.obj
 0001:00002320       ?copyString@@YAXPBDPADH@Z  10003320 f   util_shared.obj
 0001:00002370       ?lengthOfString@@YAHPBD@Z  10003370 f   util_shared.obj
 0001:00002390       ?isStringEmpty@@YAHPBD@Z   10003390 f   util_shared.obj
 0001:000023b0       ?stringEndsWith@@YAHPBD0@Z 100033b0 f   util_shared.obj
 0001:00002400       ?processLoadHiddenCVarLine@@YAXPBD@Z 10003400 f   util_shared.obj
 0001:00002630       ?loadHiddenCVars@@YAXXZ    10003630 f   util_shared.obj
 0001:000026e0       ?saveHiddenCVars@@YAXXZ    100036e0 f   util_shared.obj
 0001:00002790       ?copyString@@YAXPBDPAD@Z   10003790 f   util_shared.obj
 0001:000027b0       ?UTIL_appendToEnd@@YAXPADPBD@Z 100037b0 f   util_shared.obj
 0001:000027f0       ?checkSubFileExistence@@YAHPBD@Z 100037f0 f   util_shared.obj
 0001:00002880       ?determineHiddenMemPath@@YAXXZ 10003880 f   util_shared.obj
 0001:00002a00       ??4?$Dar@PAVChangeSignal@vgui@@@vgui@@QAEAAV01@ABV01@@Z 10003a00 f i ammo.obj
 0001:00002a00       ??4?$Dar@PAVFrame@vgui@@@vgui@@QAEAAV01@ABV01@@Z 10003a00 f i ammo.obj
 0001:00002a00       ??4?$Dar@PAVLabel@vgui@@@vgui@@QAEAAV01@ABV01@@Z 10003a00 f i ammo.obj
 0001:00002a00       ??4?$Dar@PAVFocusChangeSignal@vgui@@@vgui@@QAEAAV01@ABV01@@Z 10003a00 f i ammo.obj
 0001:00002a00       ??4?$Dar@PAV?$Dar@D@vgui@@@vgui@@QAEAAV01@ABV01@@Z 10003a00 f i ammo.obj
 0001:00002a00       ??4?$Dar@PAVInputSignal@vgui@@@vgui@@QAEAAV01@ABV01@@Z 10003a00 f i ammo.obj
 0001:00002a00       ??4?$Dar@PAVTickSignal@vgui@@@vgui@@QAEAAV01@ABV01@@Z 10003a00 f i ammo.obj
 0001:00002a00       ??4?$Dar@PAVPanel@vgui@@@vgui@@QAEAAV01@ABV01@@Z 10003a00 f i ammo.obj
 0001:00002a00       ??4?$Dar@PAVIntChangeSignal@vgui@@@vgui@@QAEAAV01@ABV01@@Z 10003a00 f i ammo.obj
 0001:00002a00       ??4?$Dar@PAVButton@vgui@@@vgui@@QAEAAV01@ABV01@@Z 10003a00 f i ammo.obj
 0001:00002a00       ??4?$Dar@PAVRepaintSignal@vgui@@@vgui@@QAEAAV01@ABV01@@Z 10003a00 f i ammo.obj
 0001:00002a00       ??4?$Dar@PAVFrameSignal@vgui@@@vgui@@QAEAAV01@ABV01@@Z 10003a00 f i ammo.obj
 0001:00002a00       ??4?$Dar@PAVSurfaceBase@vgui@@@vgui@@QAEAAV01@ABV01@@Z 10003a00 f i ammo.obj
 0001:00002a00       ??4?$Dar@PAD@vgui@@QAEAAV01@ABV01@@Z 10003a00 f i ammo.obj
 0001:00002a00       ??4?$Dar@PAVActionSignal@vgui@@@vgui@@QAEAAV01@ABV01@@Z 10003a00 f i ammo.obj
 0001:00002a00       ??4?$Dar@PAVDesktopIcon@vgui@@@vgui@@QAEAAV01@ABV01@@Z 10003a00 f i ammo.obj
 0001:00002a00       ??4?$Dar@H@vgui@@QAEAAV01@ABV01@@Z 10003a00 f i ammo.obj
 0001:00002a00       ??4?$Dar@D@vgui@@QAEAAV01@ABV01@@Z 10003a00 f i ammo.obj
 0001:00002a20       ??0Scheme@vgui@@QAE@ABV01@@Z 10003a20 f i ammo.obj
 0001:00002aa0       ??4Scheme@vgui@@QAEAAV01@ABV01@@Z 10003aa0 f i ammo.obj
 0001:00002b20       ??0Color@vgui@@QAE@ABV01@@Z 10003b20 f i ammo.obj
 0001:00002b40       ??4Color@vgui@@QAEAAV01@ABV01@@Z 10003b40 f i ammo.obj
 0001:00002b70       ??0Panel@vgui@@QAE@ABV01@@Z 10003b70 f i ammo.obj
 0001:00002d20       ??4Panel@vgui@@QAEAAV01@ABV01@@Z 10003d20 f i ammo.obj
 0001:00002f00       ??0Label@vgui@@QAE@XZ      10003f00 f i ammo.obj
 0001:00002f30       ??0Label@vgui@@QAE@ABV01@@Z 10003f30 f i ammo.obj
 0001:00002fb0       ??4Label@vgui@@QAEAAV01@ABV01@@Z 10003fb0 f i ammo.obj
 0001:00003020       ??0Image@vgui@@QAE@ABV01@@Z 10004020 f i ammo.obj
 0001:00003070       ??4Image@vgui@@QAEAAV01@ABV01@@Z 10004070 f i ammo.obj
 0001:000030c0       ??0Border@vgui@@QAE@ABV01@@Z 100040c0 f i ammo.obj
 0001:00003130       ??4Border@vgui@@QAEAAV01@ABV01@@Z 10004130 f i ammo.obj
 0001:000031a0       ?setLineColor@LineBorder@vgui@@QAEXHHHH@Z 100041a0 f i ammo.obj
 0001:00003200       ??0LineBorder@vgui@@QAE@ABV01@@Z 10004200 f i ammo.obj
 0001:00003280       ??4LineBorder@vgui@@QAEAAV01@ABV01@@Z 10004280 f i ammo.obj
 0001:000032c0       ??0ImagePanel@vgui@@QAE@XZ 100042c0 f i ammo.obj
 0001:000032e0       ??0ImagePanel@vgui@@QAE@ABV01@@Z 100042e0 f i ammo.obj
 0001:00003310       ??4TextPanel@vgui@@QAEAAV01@ABV01@@Z 10004310 f i ammo.obj
 0001:00003310       ??4ImagePanel@vgui@@QAEAAV01@ABV01@@Z 10004310 f i ammo.obj
 0001:00003340       ??0Bitmap@vgui@@QAE@ABV01@@Z 10004340 f i ammo.obj
 0001:000033a0       ??4Bitmap@vgui@@QAEAAV01@ABV01@@Z 100043a0 f i ammo.obj
 0001:000033a0       ??4BitmapTGA@vgui@@QAEAAV01@ABV01@@Z 100043a0 f i ammo.obj
 0001:00003400       ??0BitmapTGA@vgui@@QAE@ABV01@@Z 10004400 f i ammo.obj
 0001:00003470       ??0InputSignal@vgui@@QAE@XZ 10004470 f i ammo.obj
 0001:00003480       ??0InputSignal@vgui@@QAE@ABV01@@Z 10004480 f i ammo.obj
 0001:00003490       ??4InputStream@vgui@@QAEAAV01@ABV01@@Z 10004490 f i ammo.obj
 0001:00003490       ??4IntChangeSignal@vgui@@QAEAAV01@ABV01@@Z 10004490 f i hud.obj
 0001:00003490       ??4ActionSignal@vgui@@QAEAAV01@ABV01@@Z 10004490 f i ammo.obj
 0001:00003490       ??4Layout@vgui@@QAEAAV01@ABV01@@Z 10004490 f i vgui_int.obj
 0001:00003490       ??4InputSignal@vgui@@QAEAAV01@ABV01@@Z 10004490 f i ammo.obj
 0001:000034a0       ??0Button@vgui@@QAE@ABV01@@Z 100044a0 f i ammo.obj
 0001:00003540       ??4Button@vgui@@QAEAAV01@ABV01@@Z 10004540 f i ammo.obj
 0001:000035d0       ?GetSprite@CHud@@QAEHH@Z   100045d0 f i ammo.obj
 0001:000035f0       ?UnpackRGB@@YAXAAH00K@Z    100045f0 f i ammo.obj
 0001:00003630       ??0Frame@vgui@@QAE@ABV01@@Z 10004630 f i ammo.obj
 0001:00003770       ??4Frame@vgui@@QAEAAV01@ABV01@@Z 10004770 f i ammo.obj
 0001:000038a0       ??0TextPanel@vgui@@QAE@ABV01@@Z 100048a0 f i ammo.obj
 0001:000038d0       ??0ActionSignal@vgui@@QAE@XZ 100048d0 f i ammo.obj
 0001:000038e0       ??0ActionSignal@vgui@@QAE@ABV01@@Z 100048e0 f i ammo.obj
 0001:000038f0       ??0InputStream@vgui@@QAE@XZ 100048f0 f i ammo.obj
 0001:00003900       ??0InputStream@vgui@@QAE@ABV01@@Z 10004900 f i ammo.obj
 0001:00003910       ??0FileInputStream@vgui@@QAE@ABV01@@Z 10004910 f i ammo.obj
 0001:00003930       ??0DesktopIcon@vgui@@QAE@ABV01@@Z 10004930 f i ammo.obj
 0001:00003980       ??4DesktopIcon@vgui@@QAEAAV01@ABV01@@Z 10004980 f i ammo.obj
 0001:000039c0       ??0Cursor@vgui@@QAE@ABV01@@Z 100049c0 f i ammo.obj
 0001:000039f0       ??4Cursor@vgui@@QAEAAV01@ABV01@@Z 100049f0 f i ammo.obj
 0001:00003a20       ??0App@vgui@@QAE@ABV01@@Z  10004a20 f i ammo.obj
 0001:00003b90       ??4App@vgui@@QAEAAV01@ABV01@@Z 10004b90 f i ammo.obj
 0001:00003d30       ??0MiniApp@vgui@@QAE@ABV01@@Z 10004d30 f i ammo.obj
 0001:00003d50       ??4BorderLayout@vgui@@QAEAAV01@ABV01@@Z 10004d50 f i vgui_int.obj
 0001:00003d50       ??4MiniApp@vgui@@QAEAAV01@ABV01@@Z 10004d50 f i ammo.obj
 0001:00003d50       ??4FileInputStream@vgui@@QAEAAV01@ABV01@@Z 10004d50 f i ammo.obj
 0001:00003d70       ??4String@vgui@@QAEAAV01@ABV01@@Z 10004d70 f i ammo.obj
 0001:00003d80       ??0ScrollPanel@vgui@@QAE@ABV01@@Z 10004d80 f i ammo.obj
 0001:00003de0       ??4ScrollPanel@vgui@@QAEAAV01@ABV01@@Z 10004de0 f i ammo.obj
 0001:00003e40       ??0ScrollBar@vgui@@QAE@ABV01@@Z 10004e40 f i ammo.obj
 0001:00003ec0       ??0Slider@vgui@@QAE@ABV01@@Z 10004ec0 f i ammo.obj
 0001:00003fb0       ??4Slider@vgui@@QAEAAV01@ABV01@@Z 10004fb0 f i ammo.obj
 0001:00003fb0       ??4Slider2@vgui@@QAEAAV01@ABV01@@Z 10004fb0 f i hud.obj
 0001:000040a0       ??0Font@vgui@@QAE@ABV01@@Z 100050a0 f i ammo.obj
 0001:000040d0       ??4Font@vgui@@QAEAAV01@ABV01@@Z 100050d0 f i ammo.obj
 0001:000040f0       ?CountAmmo@WeaponsResource@@QAEHH@Z 100050f0 f   ammo.obj
 0001:00004110       ?HasAmmo@WeaponsResource@@QAEHPAUWEAPON@@@Z 10005110 f   ammo.obj
 0001:00004170       ?GetFirstPos@WeaponsResource@@QAEPAUWEAPON@@H@Z 10005170 f   ammo.obj
 0001:000041c0       ?GetNextActivePos@WeaponsResource@@QAEPAUWEAPON@@HH@Z 100051c0 f   ammo.obj
 0001:00004210       ?Reset@CHudAmmo@@UAEXXZ    10005210 f   ammo.obj
 0001:00004270       ?Think@CHudAmmo@@UAEXXZ    10005270 f   ammo.obj
 0001:00004360       ?SelectSlot@WeaponsResource@@QAEXHHH@Z 10005360 f   ammo.obj
 0001:000044d0       ?MsgFunc_AmmoX@CHudAmmo@@QAEHPBDHPAX@Z 100054d0 f   ammo.obj
 0001:00004510       ?MsgFunc_AmmoPickup@CHudAmmo@@QAEHPBDHPAX@Z 10005510 f   ammo.obj
 0001:00004550       ?MsgFunc_WeapPickup@CHudAmmo@@QAEHPBDHPAX@Z 10005550 f   ammo.obj
 0001:00004580       ?MsgFunc_ItemPickup@CHudAmmo@@QAEHPBDHPAX@Z 10005580 f   ammo.obj
 0001:000045b0       ?checkEqualStrings@@YA_NPAD0D@Z 100055b0 f   ammo.obj
 0001:00004600       ?MsgFunc_AntidoteP@CHudAmmo@@QAEHPBDHPAX@Z 10005600 f   ammo.obj
 0001:00004630       ?MsgFunc_AdrenalineP@CHudAmmo@@QAEHPBDHPAX@Z 10005630 f   ammo.obj
 0001:00004660       ?MsgFunc_RadiationP@CHudAmmo@@QAEHPBDHPAX@Z 10005660 f   ammo.obj
 0001:00004690       ?MsgFunc_UpdTankTime@CHudAmmo@@QAEHPBDHPAX@Z 10005690 f   ammo.obj
 0001:000046c0       ?MsgFunc_UpdLJCharge@CHudAmmo@@QAEHPBDHPAX@Z 100056c0 f   ammo.obj
 0001:00004700       ?updateCrosshair@CHudAmmo@@QAEXXZ 10005700 f   ammo.obj
 0001:00004920       ?MsgFunc_UpdACH@CHudAmmo@@QAEHPBDHPAX@Z 10005920 f   ammo.obj
 0001:00004930       ?MsgFunc_UpdFrz@CHudAmmo@@QAEHPBDHPAX@Z 10005930 f   ammo.obj
 0001:00004970       ?MsgFunc_HasGlockSil@CHudAmmo@@QAEHPBDHPAX@Z 10005970 f   ammo.obj
 0001:000049a0       ?SlotInput@CHudAmmo@@QAEXH@Z 100059a0 f   ammo.obj
 0001:00004a00       ?UserCmd_Slot1@CHudAmmo@@QAAXXZ 10005a00 f   ammo.obj
 0001:00004a10       ?UserCmd_Slot2@CHudAmmo@@QAAXXZ 10005a10 f   ammo.obj
 0001:00004a20       ?UserCmd_Slot3@CHudAmmo@@QAAXXZ 10005a20 f   ammo.obj
 0001:00004a30       ?UserCmd_Slot4@CHudAmmo@@QAAXXZ 10005a30 f   ammo.obj
 0001:00004a40       ?UserCmd_Slot5@CHudAmmo@@QAAXXZ 10005a40 f   ammo.obj
 0001:00004a50       ?UserCmd_Slot6@CHudAmmo@@QAAXXZ 10005a50 f   ammo.obj
 0001:00004a60       ?UserCmd_Slot7@CHudAmmo@@QAAXXZ 10005a60 f   ammo.obj
 0001:00004a70       ?UserCmd_Slot8@CHudAmmo@@QAAXXZ 10005a70 f   ammo.obj
 0001:00004a80       ?UserCmd_Slot9@CHudAmmo@@QAAXXZ 10005a80 f   ammo.obj
 0001:00004a90       ?UserCmd_Slot10@CHudAmmo@@QAAXXZ 10005a90 f   ammo.obj
 0001:00004aa0       ?UserCmd_Close@CHudAmmo@@QAAXXZ 10005aa0 f   ammo.obj
 0001:00004ae0       ?UserCmd_NextWeapon@CHudAmmo@@QAAXXZ 10005ae0 f   ammo.obj
 0001:00004be0       ?UserCmd_PrevWeapon@CHudAmmo@@QAAXXZ 10005be0 f   ammo.obj
 0001:00004cf0       ?DrawBar@@YAHHHHHM@Z       10005cf0 f   ammo.obj
 0001:00004da0       ?DrawAmmoBar@@YAXPAUWEAPON@@HHHH@Z 10005da0 f   ammo.obj
 0001:00004e60       ?setWeaponMenuColor@@YAXAAH00@Z 10005e60 f   ammo.obj
 0001:00004e80       ?setWeaponMenuColorOutOfAmmo@@YAXAAH00@Z 10005e80 f   ammo.obj
 0001:00004ea0       ?DrawWList@CHudAmmo@@QAEHM@Z 10005ea0 f   ammo.obj
 0001:00005490       ?GetSpriteList@@YAPAUclient_sprite_s@@PAU1@PBDHH@Z 10006490 f   ammo.obj
 0001:00005500       ?ensureCapacity@?$Dar@D@vgui@@QAEXH@Z 10006500 f i ammo.obj
 0001:00005580       ?addElement@?$Dar@D@vgui@@QAEXD@Z 10006580 f i ammo.obj
 0001:000055b0       ?hasElement@?$Dar@D@vgui@@QAE_ND@Z 100065b0 f i ammo.obj
 0001:000055e0       ?putElement@?$Dar@D@vgui@@QAEXD@Z 100065e0 f i ammo.obj
 0001:00005620       ?insertElementAt@?$Dar@D@vgui@@QAEXDH@Z 10006620 f i ammo.obj
 0001:00005690       ?setElementAt@?$Dar@D@vgui@@QAEXDH@Z 10006690 f i ammo.obj
 0001:000056b0       ?removeElementAt@?$Dar@D@vgui@@QAEXH@Z 100066b0 f i ammo.obj
 0001:000056f0       ?removeElement@?$Dar@D@vgui@@QAEXD@Z 100066f0 f i ammo.obj
 0001:00005740       ??A?$Dar@D@vgui@@QAEDH@Z   10006740 f i ammo.obj
 0001:00005760       ?hasElement@?$Dar@PAD@vgui@@QAE_NPAD@Z 10006760 f i ammo.obj
 0001:00005760       ?hasElement@?$Dar@PAVFrame@vgui@@@vgui@@QAE_NPAVFrame@2@@Z 10006760 f i ammo.obj
 0001:00005760       ?hasElement@?$Dar@PAVInputSignal@vgui@@@vgui@@QAE_NPAVInputSignal@2@@Z 10006760 f i ammo.obj
 0001:00005760       ?hasElement@?$Dar@PAVButton@vgui@@@vgui@@QAE_NPAVButton@2@@Z 10006760 f i ammo.obj
 0001:00005760       ?hasElement@?$Dar@PAVFocusChangeSignal@vgui@@@vgui@@QAE_NPAVFocusChangeSignal@2@@Z 10006760 f i ammo.obj
 0001:00005760       ?hasElement@?$Dar@PAVSurfaceBase@vgui@@@vgui@@QAE_NPAVSurfaceBase@2@@Z 10006760 f i ammo.obj
 0001:00005760       ?hasElement@?$Dar@PAVRepaintSignal@vgui@@@vgui@@QAE_NPAVRepaintSignal@2@@Z 10006760 f i ammo.obj
 0001:00005760       ?hasElement@?$Dar@PAVIntChangeSignal@vgui@@@vgui@@QAE_NPAVIntChangeSignal@2@@Z 10006760 f i ammo.obj
 0001:00005760       ?hasElement@?$Dar@PAVLabel@vgui@@@vgui@@QAE_NPAVLabel@2@@Z 10006760 f i ammo.obj
 0001:00005760       ?hasElement@?$Dar@PAVPanel@vgui@@@vgui@@QAE_NPAVPanel@2@@Z 10006760 f i ammo.obj
 0001:00005760       ?hasElement@?$Dar@H@vgui@@QAE_NH@Z 10006760 f i ammo.obj
 0001:00005760       ?hasElement@?$Dar@PAVDesktopIcon@vgui@@@vgui@@QAE_NPAVDesktopIcon@2@@Z 10006760 f i ammo.obj
 0001:00005760       ?hasElement@?$Dar@PAVActionSignal@vgui@@@vgui@@QAE_NPAVActionSignal@2@@Z 10006760 f i ammo.obj
 0001:00005760       ?hasElement@?$Dar@PAVTickSignal@vgui@@@vgui@@QAE_NPAVTickSignal@2@@Z 10006760 f i ammo.obj
 0001:00005760       ?hasElement@?$Dar@PAV?$Dar@D@vgui@@@vgui@@QAE_NPAV?$Dar@D@2@@Z 10006760 f i ammo.obj
 0001:00005760       ?hasElement@?$Dar@PAVChangeSignal@vgui@@@vgui@@QAE_NPAVChangeSignal@2@@Z 10006760 f i ammo.obj
 0001:00005760       ?hasElement@?$Dar@PAVFrameSignal@vgui@@@vgui@@QAE_NPAVFrameSignal@2@@Z 10006760 f i ammo.obj
 0001:00005790       ?removeAll@?$Dar@PAVFocusChangeSignal@vgui@@@vgui@@QAEXXZ 10006790 f i ammo.obj
 0001:00005790       ?removeAll@?$Dar@PAVFrame@vgui@@@vgui@@QAEXXZ 10006790 f i ammo.obj
 0001:00005790       ?removeAll@?$Dar@PAVPanel@vgui@@@vgui@@QAEXXZ 10006790 f i ammo.obj
 0001:00005790       ?removeAll@?$Dar@PAVDesktopIcon@vgui@@@vgui@@QAEXXZ 10006790 f i ammo.obj
 0001:00005790       ?removeAll@?$Dar@PAVSurfaceBase@vgui@@@vgui@@QAEXXZ 10006790 f i ammo.obj
 0001:00005790       ?removeAll@?$Dar@PAVFrameSignal@vgui@@@vgui@@QAEXXZ 10006790 f i ammo.obj
 0001:00005790       ?removeAll@?$Dar@PAVChangeSignal@vgui@@@vgui@@QAEXXZ 10006790 f i ammo.obj
 0001:00005790       ?removeAll@?$Dar@PAV?$Dar@D@vgui@@@vgui@@QAEXXZ 10006790 f i ammo.obj
 0001:00005790       ?removeAll@?$Dar@PAVInputSignal@vgui@@@vgui@@QAEXXZ 10006790 f i ammo.obj
 0001:00005790       ?removeAll@?$Dar@PAVButton@vgui@@@vgui@@QAEXXZ 10006790 f i ammo.obj
 0001:00005790       ?removeAll@?$Dar@H@vgui@@QAEXXZ 10006790 f i ammo.obj
 0001:00005790       ?removeAll@?$Dar@PAVIntChangeSignal@vgui@@@vgui@@QAEXXZ 10006790 f i ammo.obj
 0001:00005790       ?removeAll@?$Dar@D@vgui@@QAEXXZ 10006790 f i ammo.obj
 0001:00005790       ?removeAll@?$Dar@PAVLabel@vgui@@@vgui@@QAEXXZ 10006790 f i ammo.obj
 0001:00005790       ?removeAll@?$Dar@PAVActionSignal@vgui@@@vgui@@QAEXXZ 10006790 f i ammo.obj
 0001:00005790       ?removeAll@?$Dar@PAD@vgui@@QAEXXZ 10006790 f i ammo.obj
 0001:00005790       ?removeAll@?$Dar@PAVRepaintSignal@vgui@@@vgui@@QAEXXZ 10006790 f i ammo.obj
 0001:00005790       ?removeAll@?$Dar@PAVTickSignal@vgui@@@vgui@@QAEXXZ 10006790 f i ammo.obj
 0001:000057a0       ?insertElementAt@?$Dar@PAD@vgui@@QAEXPADH@Z 100067a0 f i ammo.obj
 0001:000057a0       ?insertElementAt@?$Dar@PAVButton@vgui@@@vgui@@QAEXPAVButton@2@H@Z 100067a0 f i ammo.obj
 0001:000057a0       ?insertElementAt@?$Dar@PAVPanel@vgui@@@vgui@@QAEXPAVPanel@2@H@Z 100067a0 f i ammo.obj
 0001:000057a0       ?insertElementAt@?$Dar@PAVActionSignal@vgui@@@vgui@@QAEXPAVActionSignal@2@H@Z 100067a0 f i ammo.obj
 0001:000057a0       ?insertElementAt@?$Dar@PAVFrame@vgui@@@vgui@@QAEXPAVFrame@2@H@Z 100067a0 f i ammo.obj
 0001:000057a0       ?insertElementAt@?$Dar@PAVChangeSignal@vgui@@@vgui@@QAEXPAVChangeSignal@2@H@Z 100067a0 f i ammo.obj
 0001:000057a0       ?insertElementAt@?$Dar@PAVIntChangeSignal@vgui@@@vgui@@QAEXPAVIntChangeSignal@2@H@Z 100067a0 f i ammo.obj
 0001:000057a0       ?insertElementAt@?$Dar@PAVFocusChangeSignal@vgui@@@vgui@@QAEXPAVFocusChangeSignal@2@H@Z 100067a0 f i ammo.obj
 0001:000057a0       ?insertElementAt@?$Dar@PAVDesktopIcon@vgui@@@vgui@@QAEXPAVDesktopIcon@2@H@Z 100067a0 f i ammo.obj
 0001:000057a0       ?insertElementAt@?$Dar@PAVRepaintSignal@vgui@@@vgui@@QAEXPAVRepaintSignal@2@H@Z 100067a0 f i ammo.obj
 0001:000057a0       ?insertElementAt@?$Dar@H@vgui@@QAEXHH@Z 100067a0 f i ammo.obj
 0001:000057a0       ?insertElementAt@?$Dar@PAVSurfaceBase@vgui@@@vgui@@QAEXPAVSurfaceBase@2@H@Z 100067a0 f i ammo.obj
 0001:000057a0       ?insertElementAt@?$Dar@PAVTickSignal@vgui@@@vgui@@QAEXPAVTickSignal@2@H@Z 100067a0 f i ammo.obj
 0001:000057a0       ?insertElementAt@?$Dar@PAVInputSignal@vgui@@@vgui@@QAEXPAVInputSignal@2@H@Z 100067a0 f i ammo.obj
 0001:000057a0       ?insertElementAt@?$Dar@PAVLabel@vgui@@@vgui@@QAEXPAVLabel@2@H@Z 100067a0 f i ammo.obj
 0001:000057a0       ?insertElementAt@?$Dar@PAV?$Dar@D@vgui@@@vgui@@QAEXPAV?$Dar@D@2@H@Z 100067a0 f i ammo.obj
 0001:000057a0       ?insertElementAt@?$Dar@PAVFrameSignal@vgui@@@vgui@@QAEXPAVFrameSignal@2@H@Z 100067a0 f i ammo.obj
 0001:00005810       ?setElementAt@?$Dar@PAVRepaintSignal@vgui@@@vgui@@QAEXPAVRepaintSignal@2@H@Z 10006810 f i ammo.obj
 0001:00005810       ?setElementAt@?$Dar@PAVTickSignal@vgui@@@vgui@@QAEXPAVTickSignal@2@H@Z 10006810 f i ammo.obj
 0001:00005810       ?setElementAt@?$Dar@PAVChangeSignal@vgui@@@vgui@@QAEXPAVChangeSignal@2@H@Z 10006810 f i ammo.obj
 0001:00005810       ?setElementAt@?$Dar@PAVActionSignal@vgui@@@vgui@@QAEXPAVActionSignal@2@H@Z 10006810 f i ammo.obj
 0001:00005810       ?setElementAt@?$Dar@PAVLabel@vgui@@@vgui@@QAEXPAVLabel@2@H@Z 10006810 f i ammo.obj
 0001:00005810       ?setElementAt@?$Dar@PAVSurfaceBase@vgui@@@vgui@@QAEXPAVSurfaceBase@2@H@Z 10006810 f i ammo.obj
 0001:00005810       ?setElementAt@?$Dar@PAVFocusChangeSignal@vgui@@@vgui@@QAEXPAVFocusChangeSignal@2@H@Z 10006810 f i ammo.obj
 0001:00005810       ?setElementAt@?$Dar@PAD@vgui@@QAEXPADH@Z 10006810 f i ammo.obj
 0001:00005810       ?setElementAt@?$Dar@PAVButton@vgui@@@vgui@@QAEXPAVButton@2@H@Z 10006810 f i ammo.obj
 0001:00005810       ?setElementAt@?$Dar@H@vgui@@QAEXHH@Z 10006810 f i ammo.obj
 0001:00005810       ?setElementAt@?$Dar@PAVInputSignal@vgui@@@vgui@@QAEXPAVInputSignal@2@H@Z 10006810 f i ammo.obj
 0001:00005810       ?setElementAt@?$Dar@PAVFrameSignal@vgui@@@vgui@@QAEXPAVFrameSignal@2@H@Z 10006810 f i ammo.obj
 0001:00005810       ?setElementAt@?$Dar@PAVIntChangeSignal@vgui@@@vgui@@QAEXPAVIntChangeSignal@2@H@Z 10006810 f i ammo.obj
 0001:00005810       ?setElementAt@?$Dar@PAVDesktopIcon@vgui@@@vgui@@QAEXPAVDesktopIcon@2@H@Z 10006810 f i ammo.obj
 0001:00005810       ?setElementAt@?$Dar@PAVPanel@vgui@@@vgui@@QAEXPAVPanel@2@H@Z 10006810 f i ammo.obj
 0001:00005810       ?setElementAt@?$Dar@PAVFrame@vgui@@@vgui@@QAEXPAVFrame@2@H@Z 10006810 f i ammo.obj
 0001:00005810       ?setElementAt@?$Dar@PAV?$Dar@D@vgui@@@vgui@@QAEXPAV?$Dar@D@2@H@Z 10006810 f i ammo.obj
 0001:00005830       ?removeElementAt@?$Dar@PAVFrameSignal@vgui@@@vgui@@QAEXH@Z 10006830 f i ammo.obj
 0001:00005830       ?removeElementAt@?$Dar@PAVLabel@vgui@@@vgui@@QAEXH@Z 10006830 f i ammo.obj
 0001:00005830       ?removeElementAt@?$Dar@PAV?$Dar@D@vgui@@@vgui@@QAEXH@Z 10006830 f i ammo.obj
 0001:00005830       ?removeElementAt@?$Dar@PAVPanel@vgui@@@vgui@@QAEXH@Z 10006830 f i ammo.obj
 0001:00005830       ?removeElementAt@?$Dar@PAVTickSignal@vgui@@@vgui@@QAEXH@Z 10006830 f i ammo.obj
 0001:00005830       ?removeElementAt@?$Dar@PAVInputSignal@vgui@@@vgui@@QAEXH@Z 10006830 f i ammo.obj
 0001:00005830       ?removeElementAt@?$Dar@H@vgui@@QAEXH@Z 10006830 f i ammo.obj
 0001:00005830       ?removeElementAt@?$Dar@PAVButton@vgui@@@vgui@@QAEXH@Z 10006830 f i ammo.obj
 0001:00005830       ?removeElementAt@?$Dar@PAVDesktopIcon@vgui@@@vgui@@QAEXH@Z 10006830 f i ammo.obj
 0001:00005830       ?removeElementAt@?$Dar@PAVActionSignal@vgui@@@vgui@@QAEXH@Z 10006830 f i ammo.obj
 0001:00005830       ?removeElementAt@?$Dar@PAVChangeSignal@vgui@@@vgui@@QAEXH@Z 10006830 f i ammo.obj
 0001:00005830       ?removeElementAt@?$Dar@PAD@vgui@@QAEXH@Z 10006830 f i ammo.obj
 0001:00005830       ?removeElementAt@?$Dar@PAVFrame@vgui@@@vgui@@QAEXH@Z 10006830 f i ammo.obj
 0001:00005830       ?removeElementAt@?$Dar@PAVFocusChangeSignal@vgui@@@vgui@@QAEXH@Z 10006830 f i ammo.obj
 0001:00005830       ?removeElementAt@?$Dar@PAVIntChangeSignal@vgui@@@vgui@@QAEXH@Z 10006830 f i ammo.obj
 0001:00005830       ?removeElementAt@?$Dar@PAVRepaintSignal@vgui@@@vgui@@QAEXH@Z 10006830 f i ammo.obj
 0001:00005830       ?removeElementAt@?$Dar@PAVSurfaceBase@vgui@@@vgui@@QAEXH@Z 10006830 f i ammo.obj
 0001:00005870       ?putElement@?$Dar@PAD@vgui@@QAEXPAD@Z 10006870 f i ammo.obj
 0001:00005870       ?putElement@?$Dar@PAVInputSignal@vgui@@@vgui@@QAEXPAVInputSignal@2@@Z 10006870 f i ammo.obj
 0001:00005870       ?putElement@?$Dar@PAVActionSignal@vgui@@@vgui@@QAEXPAVActionSignal@2@@Z 10006870 f i ammo.obj
 0001:00005870       ?putElement@?$Dar@PAVTickSignal@vgui@@@vgui@@QAEXPAVTickSignal@2@@Z 10006870 f i ammo.obj
 0001:00005870       ?putElement@?$Dar@PAVDesktopIcon@vgui@@@vgui@@QAEXPAVDesktopIcon@2@@Z 10006870 f i ammo.obj
 0001:00005870       ?putElement@?$Dar@PAVButton@vgui@@@vgui@@QAEXPAVButton@2@@Z 10006870 f i ammo.obj
 0001:00005870       ?putElement@?$Dar@PAVRepaintSignal@vgui@@@vgui@@QAEXPAVRepaintSignal@2@@Z 10006870 f i ammo.obj
 0001:00005870       ?putElement@?$Dar@PAVIntChangeSignal@vgui@@@vgui@@QAEXPAVIntChangeSignal@2@@Z 10006870 f i ammo.obj
 0001:00005870       ?putElement@?$Dar@PAVChangeSignal@vgui@@@vgui@@QAEXPAVChangeSignal@2@@Z 10006870 f i ammo.obj
 0001:00005870       ?putElement@?$Dar@PAVFrame@vgui@@@vgui@@QAEXPAVFrame@2@@Z 10006870 f i ammo.obj
 0001:00005870       ?putElement@?$Dar@H@vgui@@QAEXH@Z 10006870 f i ammo.obj
 0001:00005870       ?putElement@?$Dar@PAVPanel@vgui@@@vgui@@QAEXPAVPanel@2@@Z 10006870 f i ammo.obj
 0001:00005870       ?putElement@?$Dar@PAVLabel@vgui@@@vgui@@QAEXPAVLabel@2@@Z 10006870 f i ammo.obj
 0001:00005870       ?putElement@?$Dar@PAVFocusChangeSignal@vgui@@@vgui@@QAEXPAVFocusChangeSignal@2@@Z 10006870 f i ammo.obj
 0001:00005870       ?putElement@?$Dar@PAVSurfaceBase@vgui@@@vgui@@QAEXPAVSurfaceBase@2@@Z 10006870 f i ammo.obj
 0001:00005870       ?putElement@?$Dar@PAV?$Dar@D@vgui@@@vgui@@QAEXPAV?$Dar@D@2@@Z 10006870 f i ammo.obj
 0001:00005870       ?putElement@?$Dar@PAVFrameSignal@vgui@@@vgui@@QAEXPAVFrameSignal@2@@Z 10006870 f i ammo.obj
 0001:000058b0       ?removeElement@?$Dar@PAVButton@vgui@@@vgui@@QAEXPAVButton@2@@Z 100068b0 f i ammo.obj
 0001:000058b0       ?removeElement@?$Dar@PAVInputSignal@vgui@@@vgui@@QAEXPAVInputSignal@2@@Z 100068b0 f i ammo.obj
 0001:000058b0       ?removeElement@?$Dar@H@vgui@@QAEXH@Z 100068b0 f i ammo.obj
 0001:000058b0       ?removeElement@?$Dar@PAVLabel@vgui@@@vgui@@QAEXPAVLabel@2@@Z 100068b0 f i ammo.obj
 0001:000058b0       ?removeElement@?$Dar@PAVPanel@vgui@@@vgui@@QAEXPAVPanel@2@@Z 100068b0 f i ammo.obj
 0001:000058b0       ?removeElement@?$Dar@PAVActionSignal@vgui@@@vgui@@QAEXPAVActionSignal@2@@Z 100068b0 f i ammo.obj
 0001:000058b0       ?removeElement@?$Dar@PAVRepaintSignal@vgui@@@vgui@@QAEXPAVRepaintSignal@2@@Z 100068b0 f i ammo.obj
 0001:000058b0       ?removeElement@?$Dar@PAV?$Dar@D@vgui@@@vgui@@QAEXPAV?$Dar@D@2@@Z 100068b0 f i ammo.obj
 0001:000058b0       ?removeElement@?$Dar@PAVSurfaceBase@vgui@@@vgui@@QAEXPAVSurfaceBase@2@@Z 100068b0 f i ammo.obj
 0001:000058b0       ?removeElement@?$Dar@PAVFocusChangeSignal@vgui@@@vgui@@QAEXPAVFocusChangeSignal@2@@Z 100068b0 f i ammo.obj
 0001:000058b0       ?removeElement@?$Dar@PAVFrameSignal@vgui@@@vgui@@QAEXPAVFrameSignal@2@@Z 100068b0 f i ammo.obj
 0001:000058b0       ?removeElement@?$Dar@PAVTickSignal@vgui@@@vgui@@QAEXPAVTickSignal@2@@Z 100068b0 f i ammo.obj
 0001:000058b0       ?removeElement@?$Dar@PAVFrame@vgui@@@vgui@@QAEXPAVFrame@2@@Z 100068b0 f i ammo.obj
 0001:000058b0       ?removeElement@?$Dar@PAVIntChangeSignal@vgui@@@vgui@@QAEXPAVIntChangeSignal@2@@Z 100068b0 f i ammo.obj
 0001:000058b0       ?removeElement@?$Dar@PAVChangeSignal@vgui@@@vgui@@QAEXPAVChangeSignal@2@@Z 100068b0 f i ammo.obj
 0001:000058b0       ?removeElement@?$Dar@PAD@vgui@@QAEXPAD@Z 100068b0 f i ammo.obj
 0001:000058b0       ?removeElement@?$Dar@PAVDesktopIcon@vgui@@@vgui@@QAEXPAVDesktopIcon@2@@Z 100068b0 f i ammo.obj
 0001:00005900       ?getCount@?$Dar@PAVTickSignal@vgui@@@vgui@@QAEHXZ 10006900 f i ammo.obj
 0001:00005900       ?getCount@?$Dar@PAVFrameSignal@vgui@@@vgui@@QAEHXZ 10006900 f i ammo.obj
 0001:00005900       ?getCount@?$Dar@PAV?$Dar@D@vgui@@@vgui@@QAEHXZ 10006900 f i ammo.obj
 0001:00005900       ?getCount@?$Dar@PAVChangeSignal@vgui@@@vgui@@QAEHXZ 10006900 f i ammo.obj
 0001:00005900       ?getCount@?$Dar@D@vgui@@QAEHXZ 10006900 f i ammo.obj
 0001:00005900       ?getCount@?$Dar@PAVButton@vgui@@@vgui@@QAEHXZ 10006900 f i ammo.obj
 0001:00005900       ?getCount@?$Dar@PAVFocusChangeSignal@vgui@@@vgui@@QAEHXZ 10006900 f i ammo.obj
 0001:00005900       ?getCount@?$Dar@PAVDesktopIcon@vgui@@@vgui@@QAEHXZ 10006900 f i ammo.obj
 0001:00005900       ?getCount@?$Dar@PAVSurfaceBase@vgui@@@vgui@@QAEHXZ 10006900 f i ammo.obj
 0001:00005900       ?getCount@?$Dar@PAVRepaintSignal@vgui@@@vgui@@QAEHXZ 10006900 f i ammo.obj
 0001:00005900       ?getCount@?$Dar@PAD@vgui@@QAEHXZ 10006900 f i ammo.obj
 0001:00005900       ?getCount@?$Dar@H@vgui@@QAEHXZ 10006900 f i ammo.obj
 0001:00005900       ?getCount@?$Dar@PAVIntChangeSignal@vgui@@@vgui@@QAEHXZ 10006900 f i ammo.obj
 0001:00005900       ?getCount@?$Dar@PAVFrame@vgui@@@vgui@@QAEHXZ 10006900 f i ammo.obj
 0001:00005900       ?getCount@?$Dar@PAVLabel@vgui@@@vgui@@QAEHXZ 10006900 f i ammo.obj
 0001:00005900       ?getCount@?$Dar@PAVInputSignal@vgui@@@vgui@@QAEHXZ 10006900 f i ammo.obj
 0001:00005900       ?getCount@?$Dar@PAVPanel@vgui@@@vgui@@QAEHXZ 10006900 f i ammo.obj
 0001:00005900       ?getCount@?$Dar@PAVActionSignal@vgui@@@vgui@@QAEHXZ 10006900 f i ammo.obj
 0001:00005910       ?ensureCapacity@?$Dar@PAVIntChangeSignal@vgui@@@vgui@@QAEXH@Z 10006910 f i ammo.obj
 0001:00005910       ?ensureCapacity@?$Dar@PAVActionSignal@vgui@@@vgui@@QAEXH@Z 10006910 f i ammo.obj
 0001:00005910       ?ensureCapacity@?$Dar@PAVFrameSignal@vgui@@@vgui@@QAEXH@Z 10006910 f i ammo.obj
 0001:00005910       ?ensureCapacity@?$Dar@PAVDesktopIcon@vgui@@@vgui@@QAEXH@Z 10006910 f i ammo.obj
 0001:00005910       ?ensureCapacity@?$Dar@PAV?$Dar@D@vgui@@@vgui@@QAEXH@Z 10006910 f i ammo.obj
 0001:00005910       ?ensureCapacity@?$Dar@PAVPanel@vgui@@@vgui@@QAEXH@Z 10006910 f i ammo.obj
 0001:00005910       ?ensureCapacity@?$Dar@PAVSurfaceBase@vgui@@@vgui@@QAEXH@Z 10006910 f i ammo.obj
 0001:00005910       ?ensureCapacity@?$Dar@PAVInputSignal@vgui@@@vgui@@QAEXH@Z 10006910 f i ammo.obj
 0001:00005910       ?ensureCapacity@?$Dar@PAVFocusChangeSignal@vgui@@@vgui@@QAEXH@Z 10006910 f i ammo.obj
 0001:00005910       ?ensureCapacity@?$Dar@PAVTickSignal@vgui@@@vgui@@QAEXH@Z 10006910 f i ammo.obj
 0001:00005910       ?ensureCapacity@?$Dar@PAVChangeSignal@vgui@@@vgui@@QAEXH@Z 10006910 f i ammo.obj
 0001:00005910       ?ensureCapacity@?$Dar@PAVFrame@vgui@@@vgui@@QAEXH@Z 10006910 f i ammo.obj
 0001:00005910       ?ensureCapacity@?$Dar@PAVRepaintSignal@vgui@@@vgui@@QAEXH@Z 10006910 f i ammo.obj
 0001:00005910       ?ensureCapacity@?$Dar@H@vgui@@QAEXH@Z 10006910 f i ammo.obj
 0001:00005910       ?ensureCapacity@?$Dar@PAVButton@vgui@@@vgui@@QAEXH@Z 10006910 f i ammo.obj
 0001:00005910       ?ensureCapacity@?$Dar@PAVLabel@vgui@@@vgui@@QAEXH@Z 10006910 f i ammo.obj
 0001:00005910       ?ensureCapacity@?$Dar@PAD@vgui@@QAEXH@Z 10006910 f i ammo.obj
 0001:000059b0       ?setCount@?$Dar@PAVInputSignal@vgui@@@vgui@@QAEXH@Z 100069b0 f i ammo.obj
 0001:000059b0       ?setCount@?$Dar@PAVFrame@vgui@@@vgui@@QAEXH@Z 100069b0 f i ammo.obj
 0001:000059b0       ?setCount@?$Dar@PAVPanel@vgui@@@vgui@@QAEXH@Z 100069b0 f i ammo.obj
 0001:000059b0       ?setCount@?$Dar@PAVSurfaceBase@vgui@@@vgui@@QAEXH@Z 100069b0 f i ammo.obj
 0001:000059b0       ?setCount@?$Dar@PAVButton@vgui@@@vgui@@QAEXH@Z 100069b0 f i ammo.obj
 0001:000059b0       ?setCount@?$Dar@H@vgui@@QAEXH@Z 100069b0 f i ammo.obj
 0001:000059b0       ?setCount@?$Dar@PAVTickSignal@vgui@@@vgui@@QAEXH@Z 100069b0 f i ammo.obj
 0001:000059b0       ?setCount@?$Dar@PAVLabel@vgui@@@vgui@@QAEXH@Z 100069b0 f i ammo.obj
 0001:000059b0       ?setCount@?$Dar@PAV?$Dar@D@vgui@@@vgui@@QAEXH@Z 100069b0 f i ammo.obj
 0001:000059b0       ?setCount@?$Dar@PAVActionSignal@vgui@@@vgui@@QAEXH@Z 100069b0 f i ammo.obj
 0001:000059b0       ?setCount@?$Dar@PAD@vgui@@QAEXH@Z 100069b0 f i ammo.obj
 0001:000059b0       ?setCount@?$Dar@PAVIntChangeSignal@vgui@@@vgui@@QAEXH@Z 100069b0 f i ammo.obj
 0001:000059b0       ?setCount@?$Dar@PAVFocusChangeSignal@vgui@@@vgui@@QAEXH@Z 100069b0 f i ammo.obj
 0001:000059b0       ?setCount@?$Dar@PAVDesktopIcon@vgui@@@vgui@@QAEXH@Z 100069b0 f i ammo.obj
 0001:000059b0       ?setCount@?$Dar@PAVFrameSignal@vgui@@@vgui@@QAEXH@Z 100069b0 f i ammo.obj
 0001:000059b0       ?setCount@?$Dar@PAVRepaintSignal@vgui@@@vgui@@QAEXH@Z 100069b0 f i ammo.obj
 0001:000059b0       ?setCount@?$Dar@PAVChangeSignal@vgui@@@vgui@@QAEXH@Z 100069b0 f i ammo.obj
 0001:000059b0       ?setCount@?$Dar@D@vgui@@QAEXH@Z 100069b0 f i ammo.obj
 0001:000059d0       ??A?$Dar@PAD@vgui@@QAEPADH@Z 100069d0 f i ammo.obj
 0001:000059d0       ??A?$Dar@PAVRepaintSignal@vgui@@@vgui@@QAEPAVRepaintSignal@1@H@Z 100069d0 f i ammo.obj
 0001:000059d0       ??A?$Dar@H@vgui@@QAEHH@Z   100069d0 f i ammo.obj
 0001:000059d0       ??A?$Dar@PAVPanel@vgui@@@vgui@@QAEPAVPanel@1@H@Z 100069d0 f i ammo.obj
 0001:000059d0       ??A?$Dar@PAVButton@vgui@@@vgui@@QAEPAVButton@1@H@Z 100069d0 f i ammo.obj
 0001:000059d0       ??A?$Dar@PAVChangeSignal@vgui@@@vgui@@QAEPAVChangeSignal@1@H@Z 100069d0 f i ammo.obj
 0001:000059d0       ??A?$Dar@PAVFrameSignal@vgui@@@vgui@@QAEPAVFrameSignal@1@H@Z 100069d0 f i ammo.obj
 0001:000059d0       ??A?$Dar@PAVSurfaceBase@vgui@@@vgui@@QAEPAVSurfaceBase@1@H@Z 100069d0 f i ammo.obj
 0001:000059d0       ??A?$Dar@PAVActionSignal@vgui@@@vgui@@QAEPAVActionSignal@1@H@Z 100069d0 f i ammo.obj
 0001:000059d0       ??A?$Dar@PAVLabel@vgui@@@vgui@@QAEPAVLabel@1@H@Z 100069d0 f i ammo.obj
 0001:000059d0       ??A?$Dar@PAVFocusChangeSignal@vgui@@@vgui@@QAEPAVFocusChangeSignal@1@H@Z 100069d0 f i ammo.obj
 0001:000059d0       ??A?$Dar@PAV?$Dar@D@vgui@@@vgui@@QAEPAV?$Dar@D@1@H@Z 100069d0 f i ammo.obj
 0001:000059d0       ??A?$Dar@PAVDesktopIcon@vgui@@@vgui@@QAEPAVDesktopIcon@1@H@Z 100069d0 f i ammo.obj
 0001:000059d0       ??A?$Dar@PAVIntChangeSignal@vgui@@@vgui@@QAEPAVIntChangeSignal@1@H@Z 100069d0 f i ammo.obj
 0001:000059d0       ??A?$Dar@PAVInputSignal@vgui@@@vgui@@QAEPAVInputSignal@1@H@Z 100069d0 f i ammo.obj
 0001:000059d0       ??A?$Dar@PAVTickSignal@vgui@@@vgui@@QAEPAVTickSignal@1@H@Z 100069d0 f i ammo.obj
 0001:000059d0       ??A?$Dar@PAVFrame@vgui@@@vgui@@QAEPAVFrame@1@H@Z 100069d0 f i ammo.obj
 0001:000059f0       ?addElement@?$Dar@PAVLabel@vgui@@@vgui@@QAEXPAVLabel@2@@Z 100069f0 f i ammo.obj
 0001:000059f0       ?addElement@?$Dar@PAD@vgui@@QAEXPAD@Z 100069f0 f i ammo.obj
 0001:000059f0       ?addElement@?$Dar@PAVIntChangeSignal@vgui@@@vgui@@QAEXPAVIntChangeSignal@2@@Z 100069f0 f i ammo.obj
 0001:000059f0       ?addElement@?$Dar@PAV?$Dar@D@vgui@@@vgui@@QAEXPAV?$Dar@D@2@@Z 100069f0 f i ammo.obj
 0001:000059f0       ?addElement@?$Dar@PAVFocusChangeSignal@vgui@@@vgui@@QAEXPAVFocusChangeSignal@2@@Z 100069f0 f i ammo.obj
 0001:000059f0       ?addElement@?$Dar@PAVFrame@vgui@@@vgui@@QAEXPAVFrame@2@@Z 100069f0 f i ammo.obj
 0001:000059f0       ?addElement@?$Dar@PAVButton@vgui@@@vgui@@QAEXPAVButton@2@@Z 100069f0 f i ammo.obj
 0001:000059f0       ?addElement@?$Dar@PAVTickSignal@vgui@@@vgui@@QAEXPAVTickSignal@2@@Z 100069f0 f i ammo.obj
 0001:000059f0       ?addElement@?$Dar@H@vgui@@QAEXH@Z 100069f0 f i ammo.obj
 0001:000059f0       ?addElement@?$Dar@PAVDesktopIcon@vgui@@@vgui@@QAEXPAVDesktopIcon@2@@Z 100069f0 f i ammo.obj
 0001:000059f0       ?addElement@?$Dar@PAVActionSignal@vgui@@@vgui@@QAEXPAVActionSignal@2@@Z 100069f0 f i ammo.obj
 0001:000059f0       ?addElement@?$Dar@PAVInputSignal@vgui@@@vgui@@QAEXPAVInputSignal@2@@Z 100069f0 f i ammo.obj
 0001:000059f0       ?addElement@?$Dar@PAVFrameSignal@vgui@@@vgui@@QAEXPAVFrameSignal@2@@Z 100069f0 f i ammo.obj
 0001:000059f0       ?addElement@?$Dar@PAVRepaintSignal@vgui@@@vgui@@QAEXPAVRepaintSignal@2@@Z 100069f0 f i ammo.obj
 0001:000059f0       ?addElement@?$Dar@PAVSurfaceBase@vgui@@@vgui@@QAEXPAVSurfaceBase@2@@Z 100069f0 f i ammo.obj
 0001:000059f0       ?addElement@?$Dar@PAVPanel@vgui@@@vgui@@QAEXPAVPanel@2@@Z 100069f0 f i ammo.obj
 0001:000059f0       ?addElement@?$Dar@PAVChangeSignal@vgui@@@vgui@@QAEXPAVChangeSignal@2@@Z 100069f0 f i ammo.obj
 0001:00005a20       ?__MsgFunc_AntidoteP@@YAHPBDHPAX@Z 10006a20 f   ammo.obj
 0001:00005a40       ?__MsgFunc_AdrenalineP@@YAHPBDHPAX@Z 10006a40 f   ammo.obj
 0001:00005a60       ?__MsgFunc_RadiationP@@YAHPBDHPAX@Z 10006a60 f   ammo.obj
 0001:00005a80       ?__MsgFunc_UpdTankTime@@YAHPBDHPAX@Z 10006a80 f   ammo.obj
 0001:00005aa0       ?__MsgFunc_UpdLJCharge@@YAHPBDHPAX@Z 10006aa0 f   ammo.obj
 0001:00005ac0       ?__MsgFunc_UpdACH@@YAHPBDHPAX@Z 10006ac0 f   ammo.obj
 0001:00005ae0       ?__MsgFunc_UpdFrz@@YAHPBDHPAX@Z 10006ae0 f   ammo.obj
 0001:00005b00       ?__MsgFunc_HasGlockSil@@YAHPBDHPAX@Z 10006b00 f   ammo.obj
 0001:00005b20       ?LoadWeaponSprites@WeaponsResource@@QAEXPAUWEAPON@@@Z 10006b20 f   ammo.obj
 0001:00006130       ?__MsgFunc_AmmoX@@YAHPBDHPAX@Z 10007130 f   ammo.obj
 0001:00006150       ?__MsgFunc_AmmoPickup@@YAHPBDHPAX@Z 10007150 f   ammo.obj
 0001:00006170       ?__MsgFunc_WeapPickup@@YAHPBDHPAX@Z 10007170 f   ammo.obj
 0001:00006190       ?__MsgFunc_ItemPickup@@YAHPBDHPAX@Z 10007190 f   ammo.obj
 0001:000061b0       ?__CmdFunc_Slot1@@YAXXZ    100071b0 f   ammo.obj
 0001:000061c0       ?__CmdFunc_Slot2@@YAXXZ    100071c0 f   ammo.obj
 0001:000061d0       ?__CmdFunc_Slot3@@YAXXZ    100071d0 f   ammo.obj
 0001:000061e0       ?__CmdFunc_Slot4@@YAXXZ    100071e0 f   ammo.obj
 0001:000061f0       ?__CmdFunc_Slot5@@YAXXZ    100071f0 f   ammo.obj
 0001:00006200       ?__CmdFunc_Slot6@@YAXXZ    10007200 f   ammo.obj
 0001:00006210       ?__CmdFunc_Slot7@@YAXXZ    10007210 f   ammo.obj
 0001:00006220       ?__CmdFunc_Slot8@@YAXXZ    10007220 f   ammo.obj
 0001:00006230       ?__CmdFunc_Slot9@@YAXXZ    10007230 f   ammo.obj
 0001:00006240       ?__CmdFunc_Slot10@@YAXXZ   10007240 f   ammo.obj
 0001:00006250       ?__CmdFunc_Close@@YAXXZ    10007250 f   ammo.obj
 0001:00006260       ?__CmdFunc_NextWeapon@@YAXXZ 10007260 f   ammo.obj
 0001:00006270       ?__CmdFunc_PrevWeapon@@YAXXZ 10007270 f   ammo.obj
 0001:00006280       ?MsgFunc_HideWeapon@CHudAmmo@@QAEHPBDHPAX@Z 10007280 f   ammo.obj
 0001:00006310       ??0CHudAmmo@@QAE@XZ        10007310 f   ammo.obj
 0001:00006340       ??1CHudGeiger@@UAE@XZ      10007340 f i hud.obj
 0001:00006340       ??1CHudStatusIcons@@UAE@XZ 10007340 f i hud.obj
 0001:00006340       ??1CHudMenu@@UAE@XZ        10007340 f i hud.obj
 0001:00006340       ??1CCustomMessage@@UAE@XZ  10007340 f i custom_message.obj
 0001:00006340       ??1CHudAmmoSecondary@@UAE@XZ 10007340 f i hud.obj
 0001:00006340       ??1CHudDeathNotice@@UAE@XZ 10007340 f i hud.obj
 0001:00006340       ??1CHudFlashlight@@UAE@XZ  10007340 f i hud.obj
 0001:00006340       ??1CHudBase@@UAE@XZ        10007340 f i ammo.obj
 0001:00006340       ??1CHudSpectator@@UAE@XZ   10007340 f i hud.obj
 0001:00006340       ??1CHudTextMessage@@UAE@XZ 10007340 f i hud.obj
 0001:00006340       ??1CHudMessage@@UAE@XZ     10007340 f i hud.obj
 0001:00006340       ??1CHudBattery@@UAE@XZ     10007340 f i hud.obj
 0001:00006340       ??1CHudStatusBar@@UAE@XZ   10007340 f i hud.obj
 0001:00006340       ??1CHudTrain@@UAE@XZ       10007340 f i hud.obj
 0001:00006340       ??1CHudSayText@@UAE@XZ     10007340 f i hud.obj
 0001:00006340       ??1CHudAmmo@@UAE@XZ        10007340 f i ammo.obj
 0001:00006340       ??1CHudHealth@@UAE@XZ      10007340 f i health.obj
 0001:00006350       ?MsgFunc_ClearWpn@CHudAmmo@@QAEHPBDHPAX@Z 10007350 f   ammo.obj
 0001:00006370       ?MsgFunc_CurWeapon@CHudAmmo@@QAEHPBDHPAX@Z 10007370 f   ammo.obj
 0001:00006470       ?Draw@CHudAmmo@@UAEHM@Z    10007470 f   ammo.obj
 0001:00006d10       ??0?$Dar@D@vgui@@QAE@XZ    10007d10 f i ammo.obj
 0001:00006d30       ??0?$Dar@D@vgui@@QAE@H@Z   10007d30 f i ammo.obj
 0001:00006d50       ??0?$Dar@PAVFrame@vgui@@@vgui@@QAE@H@Z 10007d50 f i ammo.obj
 0001:00006d50       ??0?$Dar@PAVPanel@vgui@@@vgui@@QAE@H@Z 10007d50 f i ammo.obj
 0001:00006d50       ??0?$Dar@PAVTickSignal@vgui@@@vgui@@QAE@H@Z 10007d50 f i ammo.obj
 0001:00006d50       ??0?$Dar@PAV?$Dar@D@vgui@@@vgui@@QAE@H@Z 10007d50 f i ammo.obj
 0001:00006d50       ??0?$Dar@PAD@vgui@@QAE@H@Z 10007d50 f i ammo.obj
 0001:00006d50       ??0?$Dar@H@vgui@@QAE@H@Z   10007d50 f i ammo.obj
 0001:00006d50       ??0?$Dar@PAVIntChangeSignal@vgui@@@vgui@@QAE@H@Z 10007d50 f i ammo.obj
 0001:00006d50       ??0?$Dar@PAVChangeSignal@vgui@@@vgui@@QAE@H@Z 10007d50 f i ammo.obj
 0001:00006d50       ??0?$Dar@PAVDesktopIcon@vgui@@@vgui@@QAE@H@Z 10007d50 f i ammo.obj
 0001:00006d50       ??0?$Dar@PAVRepaintSignal@vgui@@@vgui@@QAE@H@Z 10007d50 f i ammo.obj
 0001:00006d50       ??0?$Dar@PAVSurfaceBase@vgui@@@vgui@@QAE@H@Z 10007d50 f i ammo.obj
 0001:00006d50       ??0?$Dar@PAVActionSignal@vgui@@@vgui@@QAE@H@Z 10007d50 f i ammo.obj
 0001:00006d50       ??0?$Dar@PAVButton@vgui@@@vgui@@QAE@H@Z 10007d50 f i ammo.obj
 0001:00006d50       ??0?$Dar@PAVFrameSignal@vgui@@@vgui@@QAE@H@Z 10007d50 f i ammo.obj
 0001:00006d50       ??0?$Dar@PAVInputSignal@vgui@@@vgui@@QAE@H@Z 10007d50 f i ammo.obj
 0001:00006d50       ??0?$Dar@PAVLabel@vgui@@@vgui@@QAE@H@Z 10007d50 f i ammo.obj
 0001:00006d50       ??0?$Dar@PAVFocusChangeSignal@vgui@@@vgui@@QAE@H@Z 10007d50 f i ammo.obj
 0001:00006d70       ??0?$Dar@PAVActionSignal@vgui@@@vgui@@QAE@XZ 10007d70 f i ammo.obj
 0001:00006d70       ??0?$Dar@PAVInputSignal@vgui@@@vgui@@QAE@XZ 10007d70 f i ammo.obj
 0001:00006d70       ??0?$Dar@PAVButton@vgui@@@vgui@@QAE@XZ 10007d70 f i ammo.obj
 0001:00006d70       ??0?$Dar@PAVFocusChangeSignal@vgui@@@vgui@@QAE@XZ 10007d70 f i ammo.obj
 0001:00006d70       ??0?$Dar@PAVRepaintSignal@vgui@@@vgui@@QAE@XZ 10007d70 f i ammo.obj
 0001:00006d70       ??0?$Dar@PAVDesktopIcon@vgui@@@vgui@@QAE@XZ 10007d70 f i ammo.obj
 0001:00006d70       ??0?$Dar@H@vgui@@QAE@XZ    10007d70 f i ammo.obj
 0001:00006d70       ??0?$Dar@PAD@vgui@@QAE@XZ  10007d70 f i ammo.obj
 0001:00006d70       ??0?$Dar@PAVFrameSignal@vgui@@@vgui@@QAE@XZ 10007d70 f i ammo.obj
 0001:00006d70       ??0?$Dar@PAVIntChangeSignal@vgui@@@vgui@@QAE@XZ 10007d70 f i ammo.obj
 0001:00006d70       ??0?$Dar@PAVFrame@vgui@@@vgui@@QAE@XZ 10007d70 f i ammo.obj
 0001:00006d70       ??0?$Dar@PAVSurfaceBase@vgui@@@vgui@@QAE@XZ 10007d70 f i ammo.obj
 0001:00006d70       ??0?$Dar@PAVTickSignal@vgui@@@vgui@@QAE@XZ 10007d70 f i ammo.obj
 0001:00006d70       ??0?$Dar@PAVLabel@vgui@@@vgui@@QAE@XZ 10007d70 f i ammo.obj
 0001:00006d70       ??0?$Dar@PAV?$Dar@D@vgui@@@vgui@@QAE@XZ 10007d70 f i ammo.obj
 0001:00006d70       ??0?$Dar@PAVChangeSignal@vgui@@@vgui@@QAE@XZ 10007d70 f i ammo.obj
 0001:00006d70       ??0?$Dar@PAVPanel@vgui@@@vgui@@QAE@XZ 10007d70 f i ammo.obj
 0001:00006d90       ?__MsgFunc_ClearWpn@@YAHPBDHPAX@Z 10007d90 f   ammo.obj
 0001:00006db0       ?LoadAllWeaponSprites@WeaponsResource@@QAEXXZ 10007db0 f   ammo.obj
 0001:00006de0       ?__MsgFunc_CurWeapon@@YAHPBDHPAX@Z 10007de0 f   ammo.obj
 0001:00006e00       ?__MsgFunc_HideWeapon@@YAHPBDHPAX@Z 10007e00 f   ammo.obj
 0001:00006e20       ?VidInit@CHudAmmo@@UAEHXZ  10007e20 f   ammo.obj
 0001:00006fe0       ?MsgFunc_WeaponList@CHudAmmo@@QAEHPBDHPAX@Z 10007fe0 f   ammo.obj
 0001:000070e0       ?__MsgFunc_WeaponList@@YAHPBDHPAX@Z 100080e0 f   ammo.obj
 0001:00007100       ?Init@CHudAmmo@@UAEHXZ     10008100 f   ammo.obj
 0001:00007380       ?Reset@CHudAmmoSecondary@@UAEXXZ 10008380 f   ammo_secondary.obj
 0001:00007390       ?Draw@CHudAmmoSecondary@@UAEHM@Z 10008390 f   ammo_secondary.obj
 0001:00007590       ?MsgFunc_SecAmmoIcon@CHudAmmoSecondary@@QAEHPBDHPAX@Z 10008590 f   ammo_secondary.obj
 0001:000075d0       ?MsgFunc_SecAmmoVal@CHudAmmoSecondary@@QAEHPBDHPAX@Z 100085d0 f   ammo_secondary.obj
 0001:00007650       ?__MsgFunc_SecAmmoVal@@YAHPBDHPAX@Z 10008650 f   ammo_secondary.obj
 0001:00007670       ?__MsgFunc_SecAmmoIcon@@YAHPBDHPAX@Z 10008670 f   ammo_secondary.obj
 0001:00007690       ?Init@CHudAmmoSecondary@@UAEHXZ 10008690 f   ammo_secondary.obj
 0001:000076f0       ?AddToHistory@HistoryResource@@QAEXHHH@Z 100086f0 f   ammohistory.obj
 0001:00007790       ?AddToHistory@HistoryResource@@QAEXHPBDH@Z 10008790 f   ammohistory.obj
 0001:00007840       ?VidInit@CHudBattery@@UAEHXZ 10008840 f   battery.obj
 0001:000078c0       ?MsgFunc_Battery@CHudBattery@@QAEHPBDHPAX@Z 100088c0 f   battery.obj
 0001:00007900       ?MsgFunc_Tester@CHudBattery@@QAEHPBDHPAX@Z 10008900 f   battery.obj
 0001:00007930       ?Draw@CHudBattery@@UAEHM@Z 10008930 f   battery.obj
 0001:00007e30       ?__MsgFunc_Battery@@YAHPBDHPAX@Z 10008e30 f   battery.obj
 0001:00007e50       ?__MsgFunc_Tester@@YAHPBDHPAX@Z 10008e50 f   battery.obj
 0001:00007e70       ?Init@CHudBattery@@UAEHXZ  10008e70 f   battery.obj
 0001:00007ec0       _HUD_GetHullBounds         10008ec0 f   cdll_int.obj
 0001:00007ee0       _HUD_ConnectionlessPacket  10008ee0 f   cdll_int.obj
 0001:00007ef0       _HUD_PlayerMoveInit        10008ef0 f   cdll_int.obj
 0001:00007f00       _HUD_PlayerMoveTexture     10008f00 f   cdll_int.obj
 0001:00007f10       _HUD_PlayerMove            10008f10 f   cdll_int.obj
 0001:00007f20       _Initialize                10008f20 f   cdll_int.obj
 0001:00007f60       _HUD_VidInit               10008f60 f   cdll_int.obj
 0001:00007f80       _HUD_Init                  10008f80 f   cdll_int.obj
 0001:00008c50       _HUD_Redraw                10009c50 f   cdll_int.obj
 0001:00008cd0       _HUD_UpdateClientData      10009cd0 f   cdll_int.obj
 0001:00008cf0       _HUD_Reset                 10009cf0 f   cdll_int.obj
 0001:00008d00       _HUD_Frame                 10009d00 f   cdll_int.obj
 0001:00008d30       _HUD_VoiceStatus           10009d30 f   cdll_int.obj
 0001:00008d50       _HUD_DirectorMessage       10009d50 f   cdll_int.obj
 0001:00008d70       ?HUD_SendWeaponAnim@@YAXHHH@Z 10009d70 f   com_weapons.obj
 0001:00008e30       ?HUD_GetWeaponAnim@@YAHXZ  10009e30 f   com_weapons.obj
 0001:00008e40       ?HUD_PlaySound@@YAXPADM@Z  10009e40 f   com_weapons.obj
 0001:00008e70       ?HUD_PlaybackEvent@@YAXHPBUedict_s@@GMPAM1MMHHHH@Z 10009e70 f   com_weapons.obj
 0001:00008f00       ?U_Random@@YAIXZ           10009f00 f   com_weapons.obj
 0001:00008f30       ?U_Srand@@YAXI@Z           10009f30 f   com_weapons.obj
 0001:00008f50       ?UTIL_SharedRandomFloat@@YAMIMM@Z 10009f50 f   com_weapons.obj
 0001:00008fe0       ?stub_NameForFunction@@YAPBDK@Z 10009fe0 f   com_weapons.obj
 0001:00008ff0       ?PrimaryNotHeld@CEgon@@UAEXXZ 10009ff0 f   egon.obj
 0001:00008ff0       ?StartSneaking@CBaseEntity@@UAEXXZ 10009ff0 f   chumtoadweapon.obj
 0001:00008ff0       ?Reset@CHudBase@@UAEXXZ    10009ff0 f   ammo.obj
 0001:00008ff0       ?SetObjectCollisionBox@CBaseEntity@@UAEXXZ 10009ff0 f   hl_baseentity.obj
 0001:00008ff0       ?PrimaryAttack@CChumToadWeapon@@UAEXXZ 10009ff0 f   chumtoadweapon.obj
 0001:00008ff0       ?UTIL_SetOrigin@@YAXPAUentvars_s@@ABVVector@@@Z 10009ff0 f   hl_baseentity.obj
 0001:00008ff0       ?UTIL_PrecacheOther@@YAXPBD@Z 10009ff0 f   hl_baseentity.obj
 0001:00008ff0       ?setPoweredUpOff@CBaseMonster@@UAEXXZ 10009ff0 f   hl_baseentity.obj
 0001:00008ff0       ?SUB_Remove@CBaseEntity@@QAEXXZ 10009ff0 f   hl_baseentity.obj
 0001:00008ff0       ?HUD_SetMaxSpeed@@YAXPBUedict_s@@M@Z 10009ff0 f   com_weapons.obj
 0001:00008ff0       ?ScheduleChange@CBaseMonster@@UAEXXZ 10009ff0 f   hl_baseentity.obj
 0001:00008ff0       ?FadeMonster@CBaseMonster@@UAEXXZ 10009ff0 f   hl_baseentity.obj
 0001:00008ff0       ?stub_SetModel@@YAXPAUedict_s@@PBD@Z 10009ff0 f   com_weapons.obj
 0001:00008ff0       ?precacheAmmoPickupSound@CBaseEntity@@UAEXXZ 10009ff0 f   hl_baseentity.obj
 0001:00008ff0       ?DecalGunshot@@YAXPAUTraceResult@@H@Z 10009ff0 f   hl_baseentity.obj
 0001:00008ff0       ?MonsterInitThink@CBaseMonster@@QAEXXZ 10009ff0 f   hl_baseentity.obj
 0001:00008ff0       ?FallThink@CBasePlayerItem@@QAEXXZ 10009ff0 f   hl_baseentity.obj
 0001:00008ff0       ?PlayerDeathThink@CBasePlayer@@QAEXXZ 10009ff0 f   hl_baseentity.obj
 0001:00008ff0       ?DesiredAction@CBaseEntity@@UAEXXZ 10009ff0 f   chumtoadweapon.obj
 0001:00008ff0       ?PreThink@CBasePlayer@@UAEXXZ 10009ff0 f   hl_baseentity.obj
 0001:00008ff0       ?PrescheduleThink@CBaseMonster@@UAEXXZ 10009ff0 f   hl_baseentity.obj
 0001:00008ff0       ?ReportGeneric@CBaseMonster@@UAEXXZ 10009ff0 f   hl_baseentity.obj
 0001:00008ff0       ?MonsterThink@CBaseMonster@@UAEXXZ 10009ff0 f   hl_baseentity.obj
 0001:00008ff0       ?onAnimationLoop@CBaseAnimating@@UAEXXZ 10009ff0 f   hl_baseentity.obj
 0001:00008ff0       ?BothHeld@CBasePlayerWeapon@@UAEXXZ 10009ff0 f   chumtoadweapon.obj
 0001:00008ff0       ?Activate@CBaseMonster@@UAEXXZ 10009ff0 f   hl_baseentity.obj
 0001:00008ff0       ?Jump@CBasePlayer@@UAEXXZ  10009ff0 f   hl_baseentity.obj
 0001:00008ff0       ?ReportAIState@CBaseMonster@@UAEXXZ 10009ff0 f   hl_baseentity.obj
 0001:00008ff0       ?PainSound@CBaseMonster@@UAEXXZ 10009ff0 f   hl_baseentity.obj
 0001:00008ff0       ?EMIT_SOUND_FILTERED@@YAXPAUedict_s@@HPBDMMHHH@Z 10009ff0 f   hl_baseentity.obj
 0001:00008ff0       ?PrimaryAttack@CEgon@@UAEXXZ 10009ff0 f   egon.obj
 0001:00008ff0       ?performLayout@ScrollBar2@vgui@@MAEXXZ 10009ff0 f   vgui_scrollbar2.obj
 0001:00008ff0       ?ImpulseCommands@CBasePlayer@@UAEXXZ 10009ff0 f   hl_baseentity.obj
 0001:00008ff0       ?ItemPostFrameThink@CPython@@UAEXXZ 10009ff0 f   python.obj
 0001:00008ff0       ?Spawn@CBaseMonster@@UAEXXZ 10009ff0 f   hl_baseentity.obj
 0001:00008ff0       ?startReanimation@CBaseMonster@@UAEXXZ 10009ff0 f   hl_baseentity.obj
 0001:00008ff0       ?SecondaryAttack@CBasePlayerWeapon@@UAEXXZ 10009ff0 f   crowbar.obj
 0001:00008ff0       ?GibMonster@CBaseMonster@@UAEXXZ 10009ff0 f   hl_baseentity.obj
 0001:00008ff0       ?DefaultSpawnNotice@CBaseEntity@@UAEXXZ 10009ff0 f   hl_baseentity.obj
 0001:00008ff0       ?SecondaryAttack@CSqueak@@UAEXXZ 10009ff0 f   squeakgrenade.obj
 0001:00008ff0       ??1CGridEntry@CGrid@vgui@@QAE@XZ 10009ff0 f   vgui_grid.obj
 0001:00008ff0       ?DeathAnimationEnd@CBaseMonster@@UAEXXZ 10009ff0 f   hl_baseentity.obj
 0001:00008ff0       ?CheckTimeBasedDamage@CBaseMonster@@UAEXXZ 10009ff0 f   hl_baseentity.obj
 0001:00008ff0       ?FadeMonster@CBasePlayer@@UAEXXZ 10009ff0 f   hl_baseentity.obj
 0001:00008ff0       ?SecondaryNotHeld@CEgon@@UAEXXZ 10009ff0 f   egon.obj
 0001:00008ff0       ?UTIL_SetSize@@YAXPAUentvars_s@@ABVVector@@1@Z 10009ff0 f   hl_baseentity.obj
 0001:00008ff0       ?DeathSound@CBasePlayer@@UAEXXZ 10009ff0 f   hl_baseentity.obj
 0001:00008ff0       ?BarnacleVictimReleased@CBaseMonster@@UAEXXZ 10009ff0 f   hl_baseentity.obj
 0001:00008ff0       ?MonsterThinkPreMOD@CBaseMonster@@UAEXXZ 10009ff0 f   hl_baseentity.obj
 0001:00008ff0       ?BecomeDead@CBaseMonster@@UAEXXZ 10009ff0 f   hl_baseentity.obj
 0001:00008ff0       ?Spawn@CBaseEntity@@UAEXXZ 10009ff0 f   hl_baseentity.obj
 0001:00008ff0       ?InitHUDData@CHudBase@@UAEXXZ 10009ff0 f   ammo.obj
 0001:00008ff0       ?Activate@CBaseEntity@@UAEXXZ 10009ff0 f   chumtoadweapon.obj
 0001:00008ff0       ?onForceDelete@CBaseEntity@@UAEXXZ 10009ff0 f   hl_baseentity.obj
 0001:00008ff0       ?playGunPickupSound@CBaseEntity@@UAEXXZ 10009ff0 f   hl_baseentity.obj
 0001:00008ff0       ?UTIL_PRECACHESOUND@@YAXPAD@Z 10009ff0 f   hl_baseentity.obj
 0001:00008ff0       ?Think@CHudBase@@UAEXXZ    10009ff0 f   ammo.obj
 0001:00008ff0       ?PrimaryAttack@CBasePlayerWeapon@@UAEXXZ 10009ff0 f   hl_weapons.obj
 0001:00008ff0       ?CheckTimeBasedDamage@CBasePlayer@@UAEXXZ 10009ff0 f   hl_baseentity.obj
 0001:00008ff0       ?Materialize@CBasePlayerItem@@QAEXXZ 10009ff0 f   hl_baseentity.obj
 0001:00008ff0       ?playAmmoPickupSound@CBaseEntity@@UAEXXZ 10009ff0 f   hl_baseentity.obj
 0001:00008ff0       ?Precache@CBaseEntity@@UAEXXZ 10009ff0 f   glock.obj
 0001:00008ff0       ?easyPrintLineDummy@@YAXPBDZZ 10009ff0 f   util_printout.obj
 0001:00008ff0       ?Reload@CBasePlayerWeapon@@UAEXXZ 10009ff0 f   chumtoadweapon.obj
 0001:00008ff0       ?paintBackground@CTFScrollButton@@UAEXXZ 10009ff0 f   vgui_CustomObjects.obj
 0001:00008ff0       ?UTIL_Remove@@YAXPAVCBaseEntity@@@Z 10009ff0 f   hl_baseentity.obj
 0001:00008ff0       ?Kill@CBasePlayerItem@@UAEXXZ 10009ff0 f   hl_baseentity.obj
 0001:00008ff0       ?onDeathAnimationEnd@CBaseMonster@@UAEXXZ 10009ff0 f   hl_baseentity.obj
 0001:00008ff0       ?OverrideReset@CBaseEntity@@UAEXXZ 10009ff0 f   chumtoadweapon.obj
 0001:00008ff0       ?NeitherHeld@CEgon@@UAEXXZ 10009ff0 f   egon.obj
 0001:00008ff0       ?PostThink@CBasePlayer@@UAEXXZ 10009ff0 f   hl_baseentity.obj
 0001:00008ff0       ?Precache@CBasePlayer@@UAEXXZ 10009ff0 f   hl_baseentity.obj
 0001:00008ff0       ?Think@CCustomMessage@@UAEXXZ 10009ff0 f   custom_message.obj
 0001:00008ff0       ?setModel@CBaseEntity@@UAEXXZ 10009ff0 f   hl_baseentity.obj
 0001:00008ff0       ?BothHeld@CEgon@@UAEXXZ    10009ff0 f   egon.obj
 0001:00008ff0       ?setModel@CBaseMonster@@UAEXXZ 10009ff0 f   hl_baseentity.obj
 0001:00008ff0       ?ItemPreFrameThink@CBasePlayerItem@@UAEXXZ 10009ff0 f   chumtoadweapon.obj
 0001:00008ff0       ?FallInit@CBasePlayerItem@@UAEXXZ 10009ff0 f   hl_baseentity.obj
 0001:00008ff0       ?ReportGeneric@CBaseEntity@@UAEXXZ 10009ff0 f   hl_baseentity.obj
 0001:00008ff0       ?RetireWeapon@CBasePlayerWeapon@@UAEXXZ 10009ff0 f   hl_baseentity.obj
 0001:00008ff0       ?MonsterInitDead@CBaseMonster@@UAEXXZ 10009ff0 f   hl_baseentity.obj
 0001:00008ff0       ?PrimaryNotHeld@CBasePlayerWeapon@@UAEXXZ 10009ff0 f   chumtoadweapon.obj
 0001:00008ff0       ?DeathAnimationStart@CBaseMonster@@UAEXXZ 10009ff0 f   hl_baseentity.obj
 0001:00008ff0       ?CorpseFallThink@CBaseMonster@@QAEXXZ 10009ff0 f   hl_baseentity.obj
 0001:00008ff0       _EV_HLDM_DecalGunshotCustomEvent 10009ff0 f   ev_hldm.obj
 0001:00008ff0       ?DeathSound@CBaseMonster@@UAEXXZ 10009ff0 f   hl_baseentity.obj
 0001:00008ff0       ?precacheGunPickupSound@CBaseEntity@@UAEXXZ 10009ff0 f   hl_baseentity.obj
 0001:00008ff0       ?NeitherHeld@CBasePlayerWeapon@@UAEXXZ 10009ff0 f   chumtoadweapon.obj
 0001:00008ff0       ?Spawn@CBasePlayerAmmo@@UAEXXZ 10009ff0 f   hl_baseentity.obj
 0001:00008ff0       ?UpdateOwner@CBaseEntity@@UAEXXZ 10009ff0 f   chumtoadweapon.obj
 0001:00008ff0       ?StopSneaking@CBaseEntity@@UAEXXZ 10009ff0 f   chumtoadweapon.obj
 0001:00008ff0       ?SetYawSpeed@CBaseMonster@@UAEXXZ 10009ff0 f   hl_baseentity.obj
 0001:00008ff0       ?SecondaryNotHeld@CBasePlayerWeapon@@UAEXXZ 10009ff0 f   chumtoadweapon.obj
 0001:00008ff0       ?BarnacleVictimReleased@CBasePlayer@@UAEXXZ 10009ff0 f   hl_baseentity.obj
 0001:00008ff0       ?paintBackground@CImageLabel@@UAEXXZ 10009ff0 f   vgui_CustomObjects.obj
 0001:00008ff0       ?DestroyItem@CBasePlayerItem@@QAEXXZ 10009ff0 f   hl_baseentity.obj
 0001:00008ff0       ?StartMonster@CBaseMonster@@UAEXXZ 10009ff0 f   hl_baseentity.obj
 0001:00008ff0       ?SetTurnActivity@CBaseMonster@@UAEXXZ 10009ff0 f   hl_baseentity.obj
 0001:00008ff0       ?Drop@CBasePlayerItem@@UAEXXZ 10009ff0 f   hl_baseentity.obj
 0001:00008ff0       ?IdleSound@CBaseMonster@@UAEXXZ 10009ff0 f   hl_baseentity.obj
 0001:00008ff0       ?AlertSound@CBaseMonster@@UAEXXZ 10009ff0 f   hl_baseentity.obj
 0001:00008ff0       ?onNewRouteNode@CBaseMonster@@UAEXXZ 10009ff0 f   hl_baseentity.obj
 0001:00008ff0       ?ItemPostFrameThink@CCrossbow@@UAEXXZ 10009ff0 f   crossbow.obj
 0001:00008ff0       ?UTIL_MakeVectors@@YAXABVVector@@@Z 10009ff0 f   hl_baseentity.obj
 0001:00008ff0       ?UpdateItemInfo@CBasePlayerWeapon@@UAEXXZ 10009ff0 f   chumtoadweapon.obj
 0001:00008ff0       _HUD_DrawTransparentTriangles 10009ff0 f   tri.obj
 0001:00008ff0       ?paintBackground@CListBox@vgui@@UAEXXZ 10009ff0 f   vgui_listbox.obj
 0001:00008ff0       ?Activate@CBasePlayer@@UAEXXZ 10009ff0 f   hl_weapons.obj
 0001:00008ff0       ?SetObjectCollisionBox@CBasePlayerItem@@UAEXXZ 10009ff0 f   hl_baseentity.obj
 0001:00008ff0       ?RunAI@CBaseMonster@@UAEXXZ 10009ff0 f   hl_baseentity.obj
 0001:00008ff0       ?ItemPostFrameThink@CBasePlayerItem@@UAEXXZ 10009ff0 f   chumtoadweapon.obj
 0001:00008ff0       ?AttemptToMaterialize@CBasePlayerItem@@QAEXXZ 10009ff0 f   hl_baseentity.obj
 0001:00008ff0       ?CheckAmmo@CBaseMonster@@UAEXXZ 10009ff0 f   hl_baseentity.obj
 0001:00008ff0       ?Materialize@CBasePlayerAmmo@@QAEXXZ 10009ff0 f   hl_baseentity.obj
 0001:00008ff0       ?PainSound@CBasePlayer@@UAEXXZ 10009ff0 f   hl_baseentity.obj
 0001:00008ff0       ?Reset@CCustomMessage@@UAEXXZ 10009ff0 f   custom_message.obj
 0001:00008ff0       ?SecondaryAttack@CEgon@@UAEXXZ 10009ff0 f   egon.obj
 0001:00008ff0       ?SentenceStop@CBaseMonster@@UAEXXZ 10009ff0 f   hl_baseentity.obj
 0001:00008ff0       ?WeaponIdle@CBasePlayerWeapon@@UAEXXZ 10009ff0 f   hl_weapons.obj
 0001:00008ff0       ?SecondaryAttack@CChumToadWeapon@@UAEXXZ 10009ff0 f   chumtoadweapon.obj
 0001:00008ff0       ?Duck@CBasePlayer@@UAEXXZ  10009ff0 f   hl_baseentity.obj
 0001:00008ff0       ?MonsterInit@CBaseMonster@@UAEXXZ 10009ff0 f   hl_baseentity.obj
 0001:00008ff0       ?EMIT_SOUND_DYN@@YAXPAUedict_s@@HPBDMMHH@Z 10009ff0 f   hl_baseentity.obj
 0001:00008ff0       ?testMethod@CBaseMonster@@UAEXXZ 10009ff0 f   hl_baseentity.obj
 0001:00008ff0       ?setPhysicalHitboxForDeath@CBaseMonster@@UAEXXZ 10009ff0 f   hl_baseentity.obj
 0001:00008ff0       ?UpdateClientData@CBasePlayer@@UAEXXZ 10009ff0 f   hl_baseentity.obj
 0001:00009000       ?MsgFunc_JBoxReq@CCustomMessage@@QAEHPBDHPAX@Z 1000a000 f   custom_message.obj
 0001:00009030       ?MsgFunc_JBoxOff@CCustomMessage@@QAEHPBDHPAX@Z 1000a030 f   custom_message.obj
 0001:00009050       ?MsgFunc_AutoMus@CCustomMessage@@QAEHPBDHPAX@Z 1000a050 f   custom_message.obj
 0001:00009070       ?MsgFunc_CliTest@CCustomMessage@@QAEHPBDHPAX@Z 1000a070 f   custom_message.obj
 0001:00009090       ?MsgFunc_UpdClientC@CCustomMessage@@QAEHPBDHPAX@Z 1000a090 f   custom_message.obj
 0001:00009120       ?MsgFunc_RstClientC@CCustomMessage@@QAEHPBDHPAX@Z 1000a120 f   custom_message.obj
 0001:00009130       ?MsgFunc_PntClientC@CCustomMessage@@QAEHPBDHPAX@Z 1000a130 f   custom_message.obj
 0001:00009180       ?MsgFunc_RetrieveFOV@CCustomMessage@@QAEHPBDHPAX@Z 1000a180 f   custom_message.obj
 0001:00009190       ?MsgFunc_UpdBnclStat@CCustomMessage@@QAEHPBDHPAX@Z 1000a190 f   custom_message.obj
 0001:000091c0       ?MsgFunc_UpdPlyA@CCustomMessage@@QAEHPBDHPAX@Z 1000a1c0 f   custom_message.obj
 0001:00009220       ?MsgFunc_MUnpause@CCustomMessage@@QAEHPBDHPAX@Z 1000a220 f   custom_message.obj
 0001:00009240       ?MsgFunc_UpdTWI@CCustomMessage@@QAEHPBDHPAX@Z 1000a240 f   custom_message.obj
 0001:00009280       ?MsgFunc_UpdJT@CCustomMessage@@QAEHPBDHPAX@Z 1000a280 f   custom_message.obj
 0001:000092b0       ?MsgFunc_YMG@CCustomMessage@@QAEHPBDHPAX@Z 1000a2b0 f   custom_message.obj
 0001:000092d0       ?MsgFunc_YMG_S@CCustomMessage@@QAEHPBDHPAX@Z 1000a2d0 f   custom_message.obj
 0001:000092f0       ?__MsgFunc_JBoxReq@@YAHPBDHPAX@Z 1000a2f0 f   custom_message.obj
 0001:00009310       ?__MsgFunc_JBoxOff@@YAHPBDHPAX@Z 1000a310 f   custom_message.obj
 0001:00009330       ?__MsgFunc_AutoMus@@YAHPBDHPAX@Z 1000a330 f   custom_message.obj
 0001:00009350       ?__MsgFunc_CliTest@@YAHPBDHPAX@Z 1000a350 f   custom_message.obj
 0001:00009370       ?__MsgFunc_UpdClientC@@YAHPBDHPAX@Z 1000a370 f   custom_message.obj
 0001:00009390       ?__MsgFunc_RstClientC@@YAHPBDHPAX@Z 1000a390 f   custom_message.obj
 0001:000093b0       ?__MsgFunc_PntClientC@@YAHPBDHPAX@Z 1000a3b0 f   custom_message.obj
 0001:000093d0       ?__MsgFunc_RetrieveFOV@@YAHPBDHPAX@Z 1000a3d0 f   custom_message.obj
 0001:000093f0       ?__MsgFunc_UpdBnclStat@@YAHPBDHPAX@Z 1000a3f0 f   custom_message.obj
 0001:00009410       ?__MsgFunc_UpdPlyA@@YAHPBDHPAX@Z 1000a410 f   custom_message.obj
 0001:00009430       ?__MsgFunc_MUnpause@@YAHPBDHPAX@Z 1000a430 f   custom_message.obj
 0001:00009450       ?__MsgFunc_UpdTWI@@YAHPBDHPAX@Z 1000a450 f   custom_message.obj
 0001:00009470       ?__MsgFunc_UpdJT@@YAHPBDHPAX@Z 1000a470 f   custom_message.obj
 0001:00009490       ?__MsgFunc_YMG@@YAHPBDHPAX@Z 1000a490 f   custom_message.obj
 0001:000094b0       ?__MsgFunc_YMG_S@@YAHPBDHPAX@Z 1000a4b0 f   custom_message.obj
 0001:000094d0       ??0CCustomMessage@@QAE@XZ  1000a4d0 f   custom_message.obj
 0001:000094e0       ?Init@CCustomMessage@@UAEHXZ 1000a4e0 f   custom_message.obj
 0001:00009600       ?GetClientColor@@YAPAMH@Z  1000a600 f   death.obj
 0001:00009660       ?InitHUDData@CHudDeathNotice@@UAEXXZ 1000a660 f   death.obj
 0001:00009680       ?VidInit@CHudDeathNotice@@UAEHXZ 1000a680 f   death.obj
 0001:000096a0       ?Draw@CHudDeathNotice@@UAEHM@Z 1000a6a0 f   death.obj
 0001:00009970       ?MsgFunc_DeathMsg@CHudDeathNotice@@QAEHPBDHPAX@Z 1000a970 f   death.obj
 0001:00009da0       ?__MsgFunc_DeathMsg@@YAHPBDHPAX@Z 1000ada0 f   death.obj
 0001:00009dc0       ?Init@CHudDeathNotice@@UAEHXZ 1000adc0 f   death.obj
 0001:00009e00       ?Demo_WriteBuffer@@YAXHHPAE@Z 1000ae00 f   demo.obj
 0001:00009e60       _Demo_ReadBuffer           1000ae60 f   demo.obj
 0001:00009ee0       _HUD_AddEntity             1000aee0 f   entity.obj
 0001:00009f40       _HUD_TxferLocalOverrides   1000af40 f   entity.obj
 0001:00009f90       _HUD_ProcessPlayerState    1000af90 f   entity.obj
 0001:0000a120       _HUD_TxferPredictionData   1000b120 f   entity.obj
 0001:0000a2f0       _HUD_CreateEntities        1000b2f0 f   entity.obj
 0001:0000a310       _HUD_StudioEvent           1000b310 f   entity.obj
 0001:0000a590       _HUD_TempEntUpdate         1000b590 f   entity.obj
 0001:0000adf0       ?GetViewEntity@@YAPAUcl_entity_s@@XZ 1000bdf0 f   ev_common.obj
 0001:0000ae00       ?EV_CreateTracer@@YAXPAM0@Z 1000be00 f   ev_common.obj
 0001:0000ae20       ?EV_IsPlayer@@YAHH@Z       1000be20 f   ev_common.obj
 0001:0000ae50       ?EV_IsLocal@@YAHH@Z        1000be50 f   ev_common.obj
 0001:0000aeb0       ?EV_GetGunPosition@@YAXPAUevent_args_s@@PAM1@Z 1000beb0 f   ev_common.obj
 0001:0000af60       ?EV_EjectBrass@@YAXPAM0MHH@Z 1000bf60 f   ev_common.obj
 0001:0000afb0       ?EV_GetDefaultShellInfo@@YAXPAUevent_args_s@@PAM111111MMM@Z 1000bfb0 f   ev_common.obj
 0001:0000b140       ?EV_MuzzleFlash@@YAXXZ     1000c140 f   ev_common.obj
 0001:0000b160       ?EV_HookEvents@@YAXXZ      1000c160 f   events.obj
 0001:0000b170       ?Reset@CHudFlashlight@@UAEXXZ 1000c170 f   flashlight.obj
 0001:0000b180       ?VidInit@CHudFlashlight@@UAEHXZ 1000c180 f   flashlight.obj
 0001:0000b260       ?MsgFunc_FlashBat@CHudFlashlight@@QAEHPBDHPAX@Z 1000c260 f   flashlight.obj
 0001:0000b2a0       ?MsgFunc_Flashlight@CHudFlashlight@@QAEHPBDHPAX@Z 1000c2a0 f   flashlight.obj
 0001:0000b2e0       ?Draw@CHudFlashlight@@UAEHM@Z 1000c2e0 f   flashlight.obj
 0001:0000b400       ?__MsgFunc_FlashBat@@YAHPBDHPAX@Z 1000c400 f   flashlight.obj
 0001:0000b420       ?__MsgFunc_Flashlight@@YAHPBDHPAX@Z 1000c420 f   flashlight.obj
 0001:0000b440       ?Init@CHudFlashlight@@UAEHXZ 1000c440 f   flashlight.obj
 0001:0000b490       ??0CGameStudioModelRenderer@@QAE@XZ 1000c490 f   GameStudioModelRenderer.obj
 0001:0000b4b0       ??_GCStudioModelRenderer@@UAEPAXI@Z 1000c4b0 f i StudioModelRenderer.obj
 0001:0000b4b0       ??_GCGameStudioModelRenderer@@UAEPAXI@Z 1000c4b0 f i GameStudioModelRenderer.obj
 0001:0000b4b0       ??_ECGameStudioModelRenderer@@UAEPAXI@Z 1000c4b0 f i GameStudioModelRenderer.obj
 0001:0000b4b0       ??_ECStudioModelRenderer@@UAEPAXI@Z 1000c4b0 f i StudioModelRenderer.obj
 0001:0000b4e0       ?R_StudioDrawPlayer@@YAHHPAUentity_state_s@@@Z 1000c4e0 f   GameStudioModelRenderer.obj
 0001:0000b500       ?R_StudioDrawModel@@YAHH@Z 1000c500 f   GameStudioModelRenderer.obj
 0001:0000b520       ?R_StudioInit@@YAXXZ       1000c520 f   GameStudioModelRenderer.obj
 0001:0000b530       _HUD_GetStudioModelInterface 1000c530 f   GameStudioModelRenderer.obj
 0001:0000b570       ?MsgFunc_Geiger@CHudGeiger@@QAEHPBDHPAX@Z 1000c570 f   geiger.obj
 0001:0000b5a0       ?__MsgFunc_Geiger@@YAHPBDHPAX@Z 1000c5a0 f   geiger.obj
 0001:0000b5c0       ?Init@CHudGeiger@@UAEHXZ   1000c5c0 f   geiger.obj
 0001:0000b610       ?Normalize@Vector@@QBE?AV1@XZ 1000c610 f i health.obj
 0001:0000b6a0       ?Reset@CHudHealth@@UAEXXZ  1000c6a0 f   health.obj
 0001:0000b730       ?VidInit@CHudHealth@@UAEHXZ 1000c730 f   health.obj
 0001:0000b7a0       ?MsgFunc_Health@CHudHealth@@QAEHPBDHPAX@Z 1000c7a0 f   health.obj
 0001:0000b7e0       ?MsgFunc_Drowning@CHudHealth@@QAEHPBDHPAX@Z 1000c7e0 f   health.obj
 0001:0000b810       ?MsgFunc_HUDItemFsh@CHudHealth@@QAEHPBDHPAX@Z 1000c810 f   health.obj
 0001:0000b8a0       ?GetPainColor@CHudHealth@@QAEXAAH00@Z 1000c8a0 f   health.obj
 0001:0000b8e0       ?DrawItemFlash@CHudHealth@@AAEHM@Z 1000c8e0 f   health.obj
 0001:0000b9f0       ?deriveColorFromHealth@CHudHealth@@QAEXAAH000@Z 1000c9f0 f   health.obj
 0001:0000bab0       ?deriveColorFromHealth@CHudHealth@@QAEXAAH00@Z 1000cab0 f   health.obj
 0001:0000bb60       ?DrawDamage@CHudHealth@@AAEHM@Z 1000cb60 f   health.obj
 0001:0000be40       ?UpdateTiles@CHudHealth@@AAEXMJJ@Z 1000ce40 f   health.obj
 0001:0000bf30       ?setUniformDamage@CHudHealth@@AAEXM@Z 1000cf30 f   health.obj
 0001:0000bf60       ?__MsgFunc_Health@@YAHPBDHPAX@Z 1000cf60 f   health.obj
 0001:0000bf80       ?__MsgFunc_Drowning@@YAHPBDHPAX@Z 1000cf80 f   health.obj
 0001:0000bfa0       ?__MsgFunc_HUDItemFsh@@YAHPBDHPAX@Z 1000cfa0 f   health.obj
 0001:0000bfc0       ??0CHudHealth@@QAE@XZ      1000cfc0 f   health.obj
 0001:0000bfe0       ?CalcDamageDirection@CHudHealth@@AAEXVVector@@HH@Z 1000cfe0 f   health.obj
 0001:0000c2b0       ?getPainColorMode@CHudHealth@@QAEXHAAH00@Z 1000d2b0 f   health.obj
 0001:0000c360       ?DrawPain@CHudHealth@@AAEHM@Z 1000d360 f   health.obj
 0001:0000cd30       ?MsgFunc_Damage@CHudHealth@@QAEHPBDHPAX@Z 1000dd30 f   health.obj
 0001:0000ce90       ?Draw@CHudHealth@@UAEHM@Z  1000de90 f   health.obj
 0001:0000d0c0       ?__MsgFunc_Damage@@YAHPBDHPAX@Z 1000e0c0 f   health.obj
 0001:0000d0e0       ?Init@CHudHealth@@UAEHXZ   1000e0e0 f   health.obj
 0001:0000d1a0       ??_GIVoiceStatusHelper@@UAEPAXI@Z 1000e1a0 f i hud.obj
 0001:0000d1a0       ??_ECHLVoiceStatusHelper@@UAEPAXI@Z 1000e1a0 f i hud.obj
 0001:0000d1a0       ??_EIVoiceStatusHelper@@UAEPAXI@Z 1000e1a0 f i hud.obj
 0001:0000d1a0       ??_GCHLVoiceStatusHelper@@UAEPAXI@Z 1000e1a0 f i hud.obj
 0001:0000d1d0       ??0TablePanel@vgui@@QAE@ABV01@@Z 1000e1d0 f i hud.obj
 0001:0000d2f0       ??4TablePanel@vgui@@QAEAAV01@ABV01@@Z 1000e2f0 f i hud.obj
 0001:0000d410       ??0HeaderPanel@vgui@@QAE@ABV01@@Z 1000e410 f i hud.obj
 0001:0000d4f0       ??4HeaderPanel@vgui@@QAEAAV01@ABV01@@Z 1000e4f0 f i hud.obj
 0001:0000d5c0       ??0TextGrid@vgui@@QAE@ABV01@@Z 1000e5c0 f i hud.obj
 0001:0000d670       ??4TextGrid@vgui@@QAEAAV01@ABV01@@Z 1000e670 f i hud.obj
 0001:0000d710       ??0TextImage@vgui@@QAE@ABV01@@Z 1000e710 f i hud.obj
 0001:0000d790       ??4TextImage@vgui@@QAEAAV01@ABV01@@Z 1000e790 f i hud.obj
 0001:0000d820       ??0IntChangeSignal@vgui@@QAE@XZ 1000e820 f i hud.obj
 0001:0000d830       ??0IntChangeSignal@vgui@@QAE@ABV01@@Z 1000e830 f i hud.obj
 0001:0000d840       ??0Slider2@vgui@@QAE@ABV01@@Z 1000e840 f i hud.obj
 0001:0000d930       ??0ScrollBar2@vgui@@QAE@ABV01@@Z 1000e930 f i hud.obj
 0001:0000d9b0       ??4ScrollBar2@vgui@@QAEAAV01@ABV01@@Z 1000e9b0 f i hud.obj
 0001:0000d9b0       ??4ScrollBar@vgui@@QAEAAV01@ABV01@@Z 1000e9b0 f i ammo.obj
 0001:0000da20       ?writeDateInfo@@YAXPADH@Z  1000ea20 f   hud.obj
 0001:0000da80       ?determineVisualStudioVersion@@YAPBDXZ 1000ea80 f   hud.obj
 0001:0000da90       ?__MsgFunc_ResetHUD@@YAHPBDHPAX@Z 1000ea90 f   hud.obj
 0001:0000dab0       ?__MsgFunc_InitHUD@@YAHPBDHPAX@Z 1000eab0 f   hud.obj
 0001:0000dae0       ?__MsgFunc_ViewMode@@YAHPBDHPAX@Z 1000eae0 f   hud.obj
 0001:0000db10       ?__MsgFunc_Concuss@@YAHPBDHPAX@Z 1000eb10 f   hud.obj
 0001:0000db30       ?__MsgFunc_GameMode@@YAHPBDHPAX@Z 1000eb30 f   hud.obj
 0001:0000db50       ?__CmdFunc_OpenCommandMenu@@YAXXZ 1000eb50 f   hud.obj
 0001:0000db70       ?__CmdFunc_InputPlayerSpecial@@YAXXZ 1000eb70 f   hud.obj
 0001:0000db80       ?__CmdFunc_CloseCommandMenu@@YAXXZ 1000eb80 f   hud.obj
 0001:0000db90       ?__CmdFunc_ForceCloseCommandMenu@@YAXXZ 1000eb90 f   hud.obj
 0001:0000dba0       ?__CmdFunc_ToggleServerBrowser@@YAXXZ 1000eba0 f   hud.obj
 0001:0000dbb0       ?__MsgFunc_ValClass@@YAHPBDHPAX@Z 1000ebb0 f   hud.obj
 0001:0000dbe0       ?__MsgFunc_TeamNames@@YAHPBDHPAX@Z 1000ebe0 f   hud.obj
 0001:0000dc10       ?__MsgFunc_Feign@@YAHPBDHPAX@Z 1000ec10 f   hud.obj
 0001:0000dc40       ?__MsgFunc_Detpack@@YAHPBDHPAX@Z 1000ec40 f   hud.obj
 0001:0000dc70       ?__MsgFunc_VGUIMenu@@YAHPBDHPAX@Z 1000ec70 f   hud.obj
 0001:0000dca0       ?__MsgFunc_MOTD@@YAHPBDHPAX@Z 1000eca0 f   hud.obj
 0001:0000dcd0       ?__MsgFunc_BuildSt@@YAHPBDHPAX@Z 1000ecd0 f   hud.obj
 0001:0000dd00       ?__MsgFunc_RandomPC@@YAHPBDHPAX@Z 1000ed00 f   hud.obj
 0001:0000dd30       ?__MsgFunc_ServerName@@YAHPBDHPAX@Z 1000ed30 f   hud.obj
 0001:0000dd60       ?__MsgFunc_ScoreInfo@@YAHPBDHPAX@Z 1000ed60 f   hud.obj
 0001:0000dd90       ?__MsgFunc_TeamScore@@YAHPBDHPAX@Z 1000ed90 f   hud.obj
 0001:0000ddc0       ?__MsgFunc_TeamInfo@@YAHPBDHPAX@Z 1000edc0 f   hud.obj
 0001:0000ddf0       ?__MsgFunc_Spectator@@YAHPBDHPAX@Z 1000edf0 f   hud.obj
 0001:0000de20       ?__MsgFunc_AllowSpec@@YAHPBDHPAX@Z 1000ee20 f   hud.obj
 0001:0000de50       ?canDrawSidebar@CHud@@QAEHXZ 1000ee50 f   hud.obj
 0001:0000de90       ?attemptDrawBrokenTrans@CHud@@QAEXHHHH@Z 1000ee90 f   hud.obj
 0001:0000dfe0       ?attemptDrawBrokenTransLightAndWhite@CHud@@QAEXHHHH@Z 1000efe0 f   hud.obj
 0001:0000e170       ?playWeaponSelectMoveSound@CHud@@QAEXXZ 1000f170 f   hud.obj
 0001:0000e200       ?command_sneaky@@YAXXZ     1000f200 f   hud.obj
 0001:0000e220       ?command_updateCameraPerspectiveF@@YAXXZ 1000f220 f   hud.obj
 0001:0000e230       ?command_updateCameraPerspectiveT@@YAXXZ 1000f230 f   hud.obj
 0001:0000e240       ?command_god2@@YAXXZ       1000f240 f   hud.obj
 0001:0000e250       ?command_noclip2@@YAXXZ    1000f250 f   hud.obj
 0001:0000e260       ?command_fvoxtoggle@@YAXXZ 1000f260 f   hud.obj
 0001:0000e270       ??1CHud@@QAE@XZ            1000f270 f   hud.obj
 0001:0000e370       ?getGenericRedColor@CHud@@QAEXAAH00@Z 1000f370 f   hud.obj
 0001:0000e3a0       ?getGenericOrangeColor@CHud@@QAEXAAH00@Z 1000f3a0 f   hud.obj
 0001:0000e3d0       ?getGenericGreenColor@CHud@@QAEXAAH00@Z 1000f3d0 f   hud.obj
 0001:0000e400       ?GetSpriteIndex@CHud@@QAEHPBD@Z 1000f400 f   hud.obj
 0001:0000e450       ?VidInit@CHud@@QAEXXZ      1000f450 f   hud.obj
 0001:0000e950       ?MsgFunc_Logo@CHud@@QAAHPBDHPAX@Z 1000f950 f   hud.obj
 0001:0000e980       ?COM_FileBase@@YAXPBDPAD@Z 1000f980 f   hud.obj
 0001:0000ea10       ?HUD_GetFOV@@YAMXZ         1000fa10 f   hud.obj
 0001:0000ea80       ?MsgFunc_SetFOV@CHud@@QAAHPBDHPAX@Z 1000fa80 f   hud.obj
 0001:0000eb40       ?AddHudElem@CHud@@QAEXPAVCHudBase@@@Z 1000fb40 f   hud.obj
 0001:0000eb90       ?GetSensitivity@CHud@@QAEMXZ 1000fb90 f   hud.obj
 0001:0000eba0       ?writeVersionInfo@@YAXPADH@Z 1000fba0 f   hud.obj
 0001:0000ec60       ?GetPlayerTextColor@CHLVoiceStatusHelper@@UAEXHQAH@Z 1000fc60 f i hud.obj
 0001:0000ecc0       ?UpdateCursorState@CHLVoiceStatusHelper@@UAEXXZ 1000fcc0 f i hud.obj
 0001:0000ecd0       ?GetAckIconHeight@CHLVoiceStatusHelper@@UAEHXZ 1000fcd0 f i hud.obj
 0001:0000ecf0       ?CanShowSpeakerLabels@CHLVoiceStatusHelper@@UAE_NXZ 1000fcf0 f i hud.obj
 0001:0000ed20       ??_GCHudMenu@@UAEPAXI@Z    1000fd20 f i hud.obj
 0001:0000ed20       ??_GCHudGeiger@@UAEPAXI@Z  1000fd20 f i hud.obj
 0001:0000ed20       ??_GCHudAmmoSecondary@@UAEPAXI@Z 1000fd20 f i hud.obj
 0001:0000ed20       ??_GCHudHealth@@UAEPAXI@Z  1000fd20 f i health.obj
 0001:0000ed20       ??_ECHudMessage@@UAEPAXI@Z 1000fd20 f i hud.obj
 0001:0000ed20       ??_GCHudFlashlight@@UAEPAXI@Z 1000fd20 f i hud.obj
 0001:0000ed20       ??_ECHudHealth@@UAEPAXI@Z  1000fd20 f i health.obj
 0001:0000ed20       ??_ECHudAmmoSecondary@@UAEPAXI@Z 1000fd20 f i hud.obj
 0001:0000ed20       ??_ECHudBattery@@UAEPAXI@Z 1000fd20 f i hud.obj
 0001:0000ed20       ??_GCHudStatusBar@@UAEPAXI@Z 1000fd20 f i hud.obj
 0001:0000ed20       ??_GCHudTextMessage@@UAEPAXI@Z 1000fd20 f i hud.obj
 0001:0000ed20       ??_GCHudSayText@@UAEPAXI@Z 1000fd20 f i hud.obj
 0001:0000ed20       ??_ECHudFlashlight@@UAEPAXI@Z 1000fd20 f i hud.obj
 0001:0000ed20       ??_GCHudSpectator@@UAEPAXI@Z 1000fd20 f i hud.obj
 0001:0000ed20       ??_ECHudDeathNotice@@UAEPAXI@Z 1000fd20 f i hud.obj
 0001:0000ed20       ??_GCCustomMessage@@UAEPAXI@Z 1000fd20 f i custom_message.obj
 0001:0000ed20       ??_GCHudAmmo@@UAEPAXI@Z    1000fd20 f i ammo.obj
 0001:0000ed20       ??_GCHudMessage@@UAEPAXI@Z 1000fd20 f i hud.obj
 0001:0000ed20       ??_ECHudGeiger@@UAEPAXI@Z  1000fd20 f i hud.obj
 0001:0000ed20       ??_ECHudBase@@UAEPAXI@Z    1000fd20 f i ammo.obj
 0001:0000ed20       ??_ECHudTextMessage@@UAEPAXI@Z 1000fd20 f i hud.obj
 0001:0000ed20       ??_GCHudBattery@@UAEPAXI@Z 1000fd20 f i hud.obj
 0001:0000ed20       ??_GCHudStatusIcons@@UAEPAXI@Z 1000fd20 f i hud.obj
 0001:0000ed20       ??_GCHudDeathNotice@@UAEPAXI@Z 1000fd20 f i hud.obj
 0001:0000ed20       ??_ECHudTrain@@UAEPAXI@Z   1000fd20 f i hud.obj
 0001:0000ed20       ??_ECHudStatusIcons@@UAEPAXI@Z 1000fd20 f i hud.obj
 0001:0000ed20       ??_GCHudTrain@@UAEPAXI@Z   1000fd20 f i hud.obj
 0001:0000ed20       ??_ECHudSayText@@UAEPAXI@Z 1000fd20 f i hud.obj
 0001:0000ed20       ??_ECHudAmmo@@UAEPAXI@Z    1000fd20 f i ammo.obj
 0001:0000ed20       ??_ECCustomMessage@@UAEPAXI@Z 1000fd20 f i custom_message.obj
 0001:0000ed20       ??_ECHudSpectator@@UAEPAXI@Z 1000fd20 f i hud.obj
 0001:0000ed20       ??_ECHudStatusBar@@UAEPAXI@Z 1000fd20 f i hud.obj
 0001:0000ed20       ??_GCHudBase@@UAEPAXI@Z    1000fd20 f i ammo.obj
 0001:0000ed20       ??_ECHudMenu@@UAEPAXI@Z    1000fd20 f i hud.obj
 0001:0000ed50       ?__MsgFunc_Logo@@YAHPBDHPAX@Z 1000fd50 f   hud.obj
 0001:0000ed70       ?__MsgFunc_SetFOV@@YAHPBDHPAX@Z 1000fd70 f   hud.obj
 0001:0000ed90       ?attemptDrawBrokenTrans@CHud@@QAEXHHPAUrect_s@@@Z 1000fd90 f   hud.obj
 0001:0000edc0       ?attemptDrawBrokenTransLightAndWhite@CHud@@QAEXHHPAUrect_s@@@Z 1000fdc0 f   hud.obj
 0001:0000edf0       ?Init@CHud@@QAEXXZ         1000fdf0 f   hud.obj
[...]
 0001:00063df6       __ehhandler$??0ToggleCommandButton@@QAE@PBD0HHHH_N@Z 10064df6 f   vgui_TeamFortressViewport.obj
 0001:00063e20       __unwindfunclet$??0SpectToggleButton@@QAE@PBD0HHHH_N@Z$0 10064e20 f   vgui_TeamFortressViewport.obj
 0001:00063e2b       __ehhandler$??0SpectToggleButton@@QAE@PBD0HHHH_N@Z 10064e2b f   vgui_TeamFortressViewport.obj
 0001:00063e50       __unwindfunclet$?CreateSubMenu@TeamFortressViewport@@QAEPAVCCommandMenu@@PAVCommandButton@@PAV2@HH@Z$0 10064e50 f   vgui_TeamFortressViewport.obj
 0001:00063e5b       __unwindfunclet$?CreateSubMenu@TeamFortressViewport@@QAEPAVCCommandMenu@@PAVCommandButton@@PAV2@HH@Z$2 10064e5b f   vgui_TeamFortressViewport.obj
 0001:00063e66       __ehhandler$?CreateSubMenu@TeamFortressViewport@@QAEPAVCCommandMenu@@PAVCommandButton@@PAV2@HH@Z 10064e66 f   vgui_TeamFortressViewport.obj
 0001:00063e90       __unwindfunclet$?CreateDisguiseSubmenu@TeamFortressViewport@@QAEPAVCCommandMenu@@PAVCommandButton@@PAV2@PBDHH@Z$0 10064e90 f   vgui_TeamFortressViewport.obj
 0001:00063e9e       __ehhandler$?CreateDisguiseSubmenu@TeamFortressViewport@@QAEPAVCCommandMenu@@PAVCommandButton@@PAV2@PBDHH@Z 10064e9e f   vgui_TeamFortressViewport.obj
 0001:00063ed0       __unwindfunclet$?CreateCustomButton@TeamFortressViewport@@QAEPAVCommandButton@@PAD0H@Z$0 10064ed0 f   vgui_TeamFortressViewport.obj
 0001:00063ede       __unwindfunclet$?CreateCustomButton@TeamFortressViewport@@QAEPAVCommandButton@@PAD0H@Z$1 10064ede f   vgui_TeamFortressViewport.obj
 0001:00063eec       __unwindfunclet$?CreateCustomButton@TeamFortressViewport@@QAEPAVCommandButton@@PAD0H@Z$3 10064eec f   vgui_TeamFortressViewport.obj
 0001:00063efa       __unwindfunclet$?CreateCustomButton@TeamFortressViewport@@QAEPAVCommandButton@@PAD0H@Z$5 10064efa f   vgui_TeamFortressViewport.obj
 0001:00063f08       __unwindfunclet$?CreateCustomButton@TeamFortressViewport@@QAEPAVCommandButton@@PAD0H@Z$7 10064f08 f   vgui_TeamFortressViewport.obj
 0001:00063f16       __unwindfunclet$?CreateCustomButton@TeamFortressViewport@@QAEPAVCommandButton@@PAD0H@Z$8 10064f16 f   vgui_TeamFortressViewport.obj
 0001:00063f24       __unwindfunclet$?CreateCustomButton@TeamFortressViewport@@QAEPAVCommandButton@@PAD0H@Z$10 10064f24 f   vgui_TeamFortressViewport.obj
 0001:00063f32       __unwindfunclet$?CreateCustomButton@TeamFortressViewport@@QAEPAVCommandButton@@PAD0H@Z$13 10064f32 f   vgui_TeamFortressViewport.obj
 0001:00063f40       __unwindfunclet$?CreateCustomButton@TeamFortressViewport@@QAEPAVCommandButton@@PAD0H@Z$16 10064f40 f   vgui_TeamFortressViewport.obj
 0001:00063f4e       __unwindfunclet$?CreateCustomButton@TeamFortressViewport@@QAEPAVCommandButton@@PAD0H@Z$19 10064f4e f   vgui_TeamFortressViewport.obj
 0001:00063f5c       __unwindfunclet$?CreateCustomButton@TeamFortressViewport@@QAEPAVCommandButton@@PAD0H@Z$20 10064f5c f   vgui_TeamFortressViewport.obj
 0001:00063f6a       __unwindfunclet$?CreateCustomButton@TeamFortressViewport@@QAEPAVCommandButton@@PAD0H@Z$23 10064f6a f   vgui_TeamFortressViewport.obj
 0001:00063f78       __unwindfunclet$?CreateCustomButton@TeamFortressViewport@@QAEPAVCommandButton@@PAD0H@Z$26 10064f78 f   vgui_TeamFortressViewport.obj
 0001:00063f86       __unwindfunclet$?CreateCustomButton@TeamFortressViewport@@QAEPAVCommandButton@@PAD0H@Z$29 10064f86 f   vgui_TeamFortressViewport.obj
 0001:00063f94       __unwindfunclet$?CreateCustomButton@TeamFortressViewport@@QAEPAVCommandButton@@PAD0H@Z$30 10064f94 f   vgui_TeamFortressViewport.obj
 0001:00063fa2       __unwindfunclet$?CreateCustomButton@TeamFortressViewport@@QAEPAVCommandButton@@PAD0H@Z$31 10064fa2 f   vgui_TeamFortressViewport.obj
 0001:00063fb0       __unwindfunclet$?CreateCustomButton@TeamFortressViewport@@QAEPAVCommandButton@@PAD0H@Z$32 10064fb0 f   vgui_TeamFortressViewport.obj
 0001:00063fbe       __unwindfunclet$?CreateCustomButton@TeamFortressViewport@@QAEPAVCommandButton@@PAD0H@Z$33 10064fbe f   vgui_TeamFortressViewport.obj
 0001:00063fcc       __unwindfunclet$?CreateCustomButton@TeamFortressViewport@@QAEPAVCommandButton@@PAD0H@Z$34 10064fcc f   vgui_TeamFortressViewport.obj
 0001:00063fda       __unwindfunclet$?CreateCustomButton@TeamFortressViewport@@QAEPAVCommandButton@@PAD0H@Z$36 10064fda f   vgui_TeamFortressViewport.obj
 0001:00063fe8       __unwindfunclet$?CreateCustomButton@TeamFortressViewport@@QAEPAVCommandButton@@PAD0H@Z$38 10064fe8 f   vgui_TeamFortressViewport.obj
 0001:00063ff6       __unwindfunclet$?CreateCustomButton@TeamFortressViewport@@QAEPAVCommandButton@@PAD0H@Z$40 10064ff6 f   vgui_TeamFortressViewport.obj
 0001:00064004       __unwindfunclet$?CreateCustomButton@TeamFortressViewport@@QAEPAVCommandButton@@PAD0H@Z$43 10065004 f   vgui_TeamFortressViewport.obj
 0001:00064012       __unwindfunclet$?CreateCustomButton@TeamFortressViewport@@QAEPAVCommandButton@@PAD0H@Z$44 10065012 f   vgui_TeamFortressViewport.obj
 0001:00064020       __unwindfunclet$?CreateCustomButton@TeamFortressViewport@@QAEPAVCommandButton@@PAD0H@Z$47 10065020 f   vgui_TeamFortressViewport.obj
 0001:0006402e       __unwindfunclet$?CreateCustomButton@TeamFortressViewport@@QAEPAVCommandButton@@PAD0H@Z$50 1006502e f   vgui_TeamFortressViewport.obj
 0001:0006403c       __unwindfunclet$?CreateCustomButton@TeamFortressViewport@@QAEPAVCommandButton@@PAD0H@Z$53 1006503c f   vgui_TeamFortressViewport.obj
 0001:0006404a       __unwindfunclet$?CreateCustomButton@TeamFortressViewport@@QAEPAVCommandButton@@PAD0H@Z$56 1006504a f   vgui_TeamFortressViewport.obj
 0001:00064058       __unwindfunclet$?CreateCustomButton@TeamFortressViewport@@QAEPAVCommandButton@@PAD0H@Z$59 10065058 f   vgui_TeamFortressViewport.obj
 0001:00064066       __unwindfunclet$?CreateCustomButton@TeamFortressViewport@@QAEPAVCommandButton@@PAD0H@Z$62 10065066 f   vgui_TeamFortressViewport.obj
 0001:00064074       __unwindfunclet$?CreateCustomButton@TeamFortressViewport@@QAEPAVCommandButton@@PAD0H@Z$65 10065074 f   vgui_TeamFortressViewport.obj
 0001:00064082       __unwindfunclet$?CreateCustomButton@TeamFortressViewport@@QAEPAVCommandButton@@PAD0H@Z$68 10065082 f   vgui_TeamFortressViewport.obj
 0001:00064090       __ehhandler$?CreateCustomButton@TeamFortressViewport@@QAEPAVCommandButton@@PAD0H@Z 10065090 f   vgui_TeamFortressViewport.obj
 0001:000640c0       __unwindfunclet$?CreateClassMenu@TeamFortressViewport@@AAEXXZ$0 100650c0 f   vgui_TeamFortressViewport.obj
 0001:000640c0       __unwindfunclet$?CreateServerBrowser@TeamFortressViewport@@QAEXXZ$0 100650c0 f   vgui_TeamFortressViewport.obj
 0001:000640c0       __unwindfunclet$?CreateSpectatorMenu@TeamFortressViewport@@AAEXXZ$0 100650c0 f   vgui_TeamFortressViewport.obj
 0001:000640c0       __unwindfunclet$?CreateTeamMenu@TeamFortressViewport@@AAEXXZ$0 100650c0 f   vgui_TeamFortressViewport.obj
 0001:000640cb       __ehhandler$?CreateSpectatorMenu@TeamFortressViewport@@AAEXXZ 100650cb f   vgui_TeamFortressViewport.obj
 0001:000640cb       __ehhandler$?CreateServerBrowser@TeamFortressViewport@@QAEXXZ 100650cb f   vgui_TeamFortressViewport.obj
 0001:000640cb       __ehhandler$?CreateTeamMenu@TeamFortressViewport@@AAEXXZ 100650cb f   vgui_TeamFortressViewport.obj
 0001:000640cb       __ehhandler$?CreateClassMenu@TeamFortressViewport@@AAEXXZ 100650cb f   vgui_TeamFortressViewport.obj
 0001:000640f0       __unwindfunclet$?CreateCommandMenu@TeamFortressViewport@@QAEHPADHH_NMMH@Z$2 100650f0 f   vgui_TeamFortressViewport.obj
 0001:000640fe       __unwindfunclet$?CreateCommandMenu@TeamFortressViewport@@QAEHPADHH_NMMH@Z$3 100650fe f   vgui_TeamFortressViewport.obj
 0001:0006410c       __unwindfunclet$?CreateCommandMenu@TeamFortressViewport@@QAEHPADHH_NMMH@Z$4 1006510c f   vgui_TeamFortressViewport.obj
 0001:0006411a       __unwindfunclet$?CreateCommandMenu@TeamFortressViewport@@QAEHPADHH_NMMH@Z$5 1006511a f   vgui_TeamFortressViewport.obj
 0001:00064128       __unwindfunclet$?CreateCommandMenu@TeamFortressViewport@@QAEHPADHH_NMMH@Z$6 10065128 f   vgui_TeamFortressViewport.obj
 0001:00064136       __unwindfunclet$?CreateCommandMenu@TeamFortressViewport@@QAEHPADHH_NMMH@Z$7 10065136 f   vgui_TeamFortressViewport.obj
 0001:00064144       __unwindfunclet$?CreateCommandMenu@TeamFortressViewport@@QAEHPADHH_NMMH@Z$8 10065144 f   vgui_TeamFortressViewport.obj
 0001:00064152       __unwindfunclet$?CreateCommandMenu@TeamFortressViewport@@QAEHPADHH_NMMH@Z$9 10065152 f   vgui_TeamFortressViewport.obj
 0001:00064160       __ehhandler$?CreateCommandMenu@TeamFortressViewport@@QAEHPADHH_NMMH@Z 10065160 f   vgui_TeamFortressViewport.obj
 0001:00064190       __unwindfunclet$??0TeamFortressViewport@@QAE@HHHH@Z$0 10065190 f   vgui_TeamFortressViewport.obj
 0001:0006419e       __ehhandler$??0TeamFortressViewport@@QAE@HHHH@Z 1006519e f   vgui_TeamFortressViewport.obj
 0001:000641c0       __unwindfunclet$??0CTeamMenuPanel@@QAE@HHHHHH@Z$0 100651c0 f   vgui_teammenu.obj
 0001:000641ce       __unwindfunclet$??0CTeamMenuPanel@@QAE@HHHHHH@Z$1 100651ce f   vgui_teammenu.obj
 0001:000641dc       __unwindfunclet$??0CTeamMenuPanel@@QAE@HHHHHH@Z$2 100651dc f   vgui_teammenu.obj
 0001:000641ea       __unwindfunclet$??0CTeamMenuPanel@@QAE@HHHHHH@Z$3 100651ea f   vgui_teammenu.obj
 0001:000641f8       __unwindfunclet$??0CTeamMenuPanel@@QAE@HHHHHH@Z$4 100651f8 f   vgui_teammenu.obj
 0001:00064206       __unwindfunclet$??0CTeamMenuPanel@@QAE@HHHHHH@Z$5 10065206 f   vgui_teammenu.obj
 0001:00064214       __unwindfunclet$??0CTeamMenuPanel@@QAE@HHHHHH@Z$6 10065214 f   vgui_teammenu.obj
 0001:00064222       __unwindfunclet$??0CTeamMenuPanel@@QAE@HHHHHH@Z$9 10065222 f   vgui_teammenu.obj
 0001:00064230       __unwindfunclet$??0CTeamMenuPanel@@QAE@HHHHHH@Z$10 10065230 f   vgui_teammenu.obj
 0001:0006423e       __unwindfunclet$??0CTeamMenuPanel@@QAE@HHHHHH@Z$12 1006523e f   vgui_teammenu.obj
 0001:0006424c       __ehhandler$??0CTeamMenuPanel@@QAE@HHHHHH@Z 1006524c f   vgui_teammenu.obj
 0001:00064280       __unwindfunclet$??$GetClassPtr@VCTripmine@@@@YAPAVCTripmine@@PAV0@@Z$0 10065280 f   egon.obj
 0001:00064280       __unwindfunclet$??$GetClassPtr@VCChumToadWeapon@@@@YAPAVCChumToadWeapon@@PAV0@@Z$0 10065280 f   egon.obj
 0001:00064280       __unwindfunclet$??$GetClassPtr@VCPython@@@@YAPAVCPython@@PAV0@@Z$0 10065280 f   egon.obj
 0001:00064280       __unwindfunclet$??$GetClassPtr@VCSatchel@@@@YAPAVCSatchel@@PAV0@@Z$0 10065280 f   egon.obj
 0001:00064280       __unwindfunclet$??$GetClassPtr@VCCrossbow@@@@YAPAVCCrossbow@@PAV0@@Z$0 10065280 f   egon.obj
 0001:00064280       __unwindfunclet$??$GetClassPtr@VCSqueak@@@@YAPAVCSqueak@@PAV0@@Z$0 10065280 f   egon.obj
 0001:00064280       __unwindfunclet$??$GetClassPtr@VCHandGrenade@@@@YAPAVCHandGrenade@@PAV0@@Z$0 10065280 f   egon.obj
 0001:00064280       __unwindfunclet$??$GetClassPtr@VCShotgun@@@@YAPAVCShotgun@@PAV0@@Z$0 10065280 f   egon.obj
 0001:00064280       __unwindfunclet$??$GetClassPtr@VCEgon@@@@YAPAVCEgon@@PAV0@@Z$0 10065280 f   egon.obj
 0001:00064280       __unwindfunclet$??$GetClassPtr@VCGlock@@@@YAPAVCGlock@@PAV0@@Z$0 10065280 f   egon.obj
 0001:00064291       __ehhandler$??$GetClassPtr@VCGlock@@@@YAPAVCGlock@@PAV0@@Z 10065291 f   egon.obj
 0001:00064291       __ehhandler$??$GetClassPtr@VCSqueak@@@@YAPAVCSqueak@@PAV0@@Z 10065291 f   egon.obj
 0001:00064291       __ehhandler$??$GetClassPtr@VCTripmine@@@@YAPAVCTripmine@@PAV0@@Z 10065291 f   egon.obj
 0001:00064291       __ehhandler$??$GetClassPtr@VCShotgun@@@@YAPAVCShotgun@@PAV0@@Z 10065291 f   egon.obj
 0001:00064291       __ehhandler$??$GetClassPtr@VCChumToadWeapon@@@@YAPAVCChumToadWeapon@@PAV0@@Z 10065291 f   egon.obj
 0001:00064291       __ehhandler$??$GetClassPtr@VCHandGrenade@@@@YAPAVCHandGrenade@@PAV0@@Z 10065291 f   egon.obj
 0001:00064291       __ehhandler$??$GetClassPtr@VCPython@@@@YAPAVCPython@@PAV0@@Z 10065291 f   egon.obj
 0001:00064291       __ehhandler$??$GetClassPtr@VCEgon@@@@YAPAVCEgon@@PAV0@@Z 10065291 f   egon.obj
 0001:00064291       __ehhandler$??$GetClassPtr@VCCrossbow@@@@YAPAVCCrossbow@@PAV0@@Z 10065291 f   egon.obj
 0001:00064291       __ehhandler$??$GetClassPtr@VCSatchel@@@@YAPAVCSatchel@@PAV0@@Z 10065291 f   egon.obj
 0001:000642b0       __unwindfunclet$??$GetClassPtr@VCShotgunAmmo@@@@YAPAVCShotgunAmmo@@PAV0@@Z$0 100652b0 f   mp5.obj
 0001:000642b0       __unwindfunclet$??$GetClassPtr@VCRpg@@@@YAPAVCRpg@@PAV0@@Z$0 100652b0 f   mp5.obj
 0001:000642b0       __unwindfunclet$??$GetClassPtr@VCRpgAmmo@@@@YAPAVCRpgAmmo@@PAV0@@Z$0 100652b0 f   mp5.obj
 0001:000642b0       __unwindfunclet$??$GetClassPtr@VCCrossbowAmmo@@@@YAPAVCCrossbowAmmo@@PAV0@@Z$0 100652b0 f   mp5.obj
 0001:000642b0       __unwindfunclet$??$GetClassPtr@VCCrowbar@@@@YAPAVCCrowbar@@PAV0@@Z$0 100652b0 f   mp5.obj
 0001:000642b0       __unwindfunclet$??$GetClassPtr@VCLaserSpotPython@@@@YAPAVCLaserSpotPython@@PAV0@@Z$0 100652b0 f   mp5.obj
 0001:000642b0       __unwindfunclet$??$GetClassPtr@VCPythonAmmo@@@@YAPAVCPythonAmmo@@PAV0@@Z$0 100652b0 f   mp5.obj
 0001:000642b0       __unwindfunclet$??$GetClassPtr@VCGauss@@@@YAPAVCGauss@@PAV0@@Z$0 100652b0 f   mp5.obj
 0001:000642b0       __unwindfunclet$??$GetClassPtr@VCGaussAmmo@@@@YAPAVCGaussAmmo@@PAV0@@Z$0 100652b0 f   mp5.obj
 0001:000642b0       __unwindfunclet$??$GetClassPtr@VCGlockAmmo@@@@YAPAVCGlockAmmo@@PAV0@@Z$0 100652b0 f   mp5.obj
 0001:000642b0       __unwindfunclet$??$GetClassPtr@VCEgonAmmo@@@@YAPAVCEgonAmmo@@PAV0@@Z$0 100652b0 f   mp5.obj
 0001:000642b0       __unwindfunclet$??$GetClassPtr@VCSatchelCharge@@@@YAPAVCSatchelCharge@@PAV0@@Z$0 100652b0 f   mp5.obj
 0001:000642b0       __unwindfunclet$??$GetClassPtr@VCMP5@@@@YAPAVCMP5@@PAV0@@Z$0 100652b0 f   mp5.obj
 0001:000642b0       __unwindfunclet$??$GetClassPtr@VCMP5AmmoClip@@@@YAPAVCMP5AmmoClip@@PAV0@@Z$0 100652b0 f   mp5.obj
 0001:000642b0       __unwindfunclet$??$GetClassPtr@VCHgun@@@@YAPAVCHgun@@PAV0@@Z$0 100652b0 f   mp5.obj
 0001:000642b0       __unwindfunclet$??$GetClassPtr@VCMP5Chainammo@@@@YAPAVCMP5Chainammo@@PAV0@@Z$0 100652b0 f   mp5.obj
 0001:000642b0       __unwindfunclet$??$GetClassPtr@VCMP5AmmoGrenade@@@@YAPAVCMP5AmmoGrenade@@PAV0@@Z$0 100652b0 f   mp5.obj
 0001:000642c1       __ehhandler$??$GetClassPtr@VCMP5Chainammo@@@@YAPAVCMP5Chainammo@@PAV0@@Z 100652c1 f   mp5.obj
 0001:000642c1       __ehhandler$??$GetClassPtr@VCMP5AmmoGrenade@@@@YAPAVCMP5AmmoGrenade@@PAV0@@Z 100652c1 f   mp5.obj
 0001:000642c1       __ehhandler$??$GetClassPtr@VCMP5AmmoClip@@@@YAPAVCMP5AmmoClip@@PAV0@@Z 100652c1 f   mp5.obj
 0001:000642c1       __ehhandler$??$GetClassPtr@VCHgun@@@@YAPAVCHgun@@PAV0@@Z 100652c1 f   mp5.obj
 0001:000642c1       __ehhandler$??$GetClassPtr@VCRpgAmmo@@@@YAPAVCRpgAmmo@@PAV0@@Z 100652c1 f   mp5.obj
 0001:000642c1       __ehhandler$??$GetClassPtr@VCSatchelCharge@@@@YAPAVCSatchelCharge@@PAV0@@Z 100652c1 f   mp5.obj
 0001:000642c1       __ehhandler$??$GetClassPtr@VCShotgunAmmo@@@@YAPAVCShotgunAmmo@@PAV0@@Z 100652c1 f   mp5.obj
 0001:000642c1       __ehhandler$??$GetClassPtr@VCLaserSpotPython@@@@YAPAVCLaserSpotPython@@PAV0@@Z 100652c1 f   mp5.obj
 0001:000642c1       __ehhandler$??$GetClassPtr@VCGauss@@@@YAPAVCGauss@@PAV0@@Z 100652c1 f   mp5.obj
 0001:000642c1       __ehhandler$??$GetClassPtr@VCPythonAmmo@@@@YAPAVCPythonAmmo@@PAV0@@Z 100652c1 f   mp5.obj
 0001:000642c1       __ehhandler$??$GetClassPtr@VCMP5@@@@YAPAVCMP5@@PAV0@@Z 100652c1 f   mp5.obj
 0001:000642c1       __ehhandler$??$GetClassPtr@VCGaussAmmo@@@@YAPAVCGaussAmmo@@PAV0@@Z 100652c1 f   mp5.obj
 0001:000642c1       __ehhandler$??$GetClassPtr@VCEgonAmmo@@@@YAPAVCEgonAmmo@@PAV0@@Z 100652c1 f   mp5.obj
 0001:000642c1       __ehhandler$??$GetClassPtr@VCCrossbowAmmo@@@@YAPAVCCrossbowAmmo@@PAV0@@Z 100652c1 f   mp5.obj
 0001:000642c1       __ehhandler$??$GetClassPtr@VCCrowbar@@@@YAPAVCCrowbar@@PAV0@@Z 100652c1 f   mp5.obj
 0001:000642c1       __ehhandler$??$GetClassPtr@VCGlockAmmo@@@@YAPAVCGlockAmmo@@PAV0@@Z 100652c1 f   mp5.obj
 0001:000642c1       __ehhandler$??$GetClassPtr@VCRpg@@@@YAPAVCRpg@@PAV0@@Z 100652c1 f   mp5.obj
 0001:000642e0       __unwindfunclet$??0ScrollBar2@vgui@@QAE@HHHH_N@Z$0 100652e0 f   vgui_scrollbar2.obj
 0001:000642eb       __unwindfunclet$??0ScrollBar2@vgui@@QAE@HHHH_N@Z$1 100652eb f   vgui_scrollbar2.obj
 0001:000642f6       __unwindfunclet$??0ScrollBar2@vgui@@QAE@HHHH_N@Z$2 100652f6 f   vgui_scrollbar2.obj
 0001:00064301       __unwindfunclet$??0ScrollBar2@vgui@@QAE@HHHH_N@Z$3 10065301 f   vgui_scrollbar2.obj
 0001:0006430c       __unwindfunclet$??0ScrollBar2@vgui@@QAE@HHHH_N@Z$4 1006530c f   vgui_scrollbar2.obj
 0001:00064317       __unwindfunclet$??0ScrollBar2@vgui@@QAE@HHHH_N@Z$5 10065317 f   vgui_scrollbar2.obj
 0001:00064322       __ehhandler$??0ScrollBar2@vgui@@QAE@HHHH_N@Z 10065322 f   vgui_scrollbar2.obj
 0001:00064340       __unwindfunclet$??1CVoiceStatus@@UAE@XZ$0 10065340 f   voice_status.obj
 0001:00064348       __unwindfunclet$??1CVoiceStatus@@UAE@XZ$1 10065348 f   voice_status.obj
 0001:00064356       __ehhandler$??1CVoiceStatus@@UAE@XZ 10065356 f   voice_status.obj
 0001:00064380       __unwindfunclet$??0CVoiceStatus@@QAE@XZ$0 10065380 f   voice_status.obj
 0001:00064388       __ehhandler$??0CVoiceStatus@@QAE@XZ 10065388 f   voice_status.obj
 0001:000643b0       __unwindfunclet$?Init@CVoiceStatus@@UAEHPAVIVoiceStatusHelper@@PAPAVPanel@vgui@@@Z$0 100653b0 f   voice_status.obj
 0001:000643bb       __unwindfunclet$?Init@CVoiceStatus@@UAEHPAVIVoiceStatusHelper@@PAPAVPanel@vgui@@@Z$1 100653bb f   voice_status.obj
 0001:000643c6       __unwindfunclet$?Init@CVoiceStatus@@UAEHPAVIVoiceStatusHelper@@PAPAVPanel@vgui@@@Z$2 100653c6 f   voice_status.obj
 0001:000643d1       __unwindfunclet$?Init@CVoiceStatus@@UAEHPAVIVoiceStatusHelper@@PAPAVPanel@vgui@@@Z$3 100653d1 f   voice_status.obj
 0001:000643dc       __ehhandler$?Init@CVoiceStatus@@UAEHPAVIVoiceStatusHelper@@PAPAVPanel@vgui@@@Z 100653dc f   voice_status.obj
 0001:000643f7       __ehhandler$?CallUnexpected@@YAXPBU_s_ESTypeList@@@Z 100653f7 f   LIBCMT:frame.obj
 0001:00064420       ??__EgHUD@@YAXXZ           10065420 f   cdll_int.obj
 0001:00064440       ??__Eg_StudioRenderer@@YAXXZ 10065440 f   GameStudioModelRenderer.obj
 0001:00064460       ??__Eg_VoiceStatusHelper@@YAXXZ 10065460 f   hud.obj
 0001:00064470       ??__Eplayer@@YAXXZ         10065470 f   hl_weapons.obj
 0001:00064480       ??__Eg_Glock@@YAXXZ        10065480 f   hl_weapons.obj
 0001:00064490       ??__Eg_Crowbar@@YAXXZ      10065490 f   hl_weapons.obj
 0001:000644b0       ??__Eg_Python@@YAXXZ       100654b0 f   hl_weapons.obj
 0001:000644c0       ??__Eg_Mp5@@YAXXZ          100654c0 f   hl_weapons.obj
 0001:000644e0       ??__Eg_Crossbow@@YAXXZ     100654e0 f   hl_weapons.obj
 0001:000644f0       ??__Eg_Shotgun@@YAXXZ      100654f0 f   hl_weapons.obj
 0001:00064500       ??__Eg_Rpg@@YAXXZ          10065500 f   hl_weapons.obj
 0001:00064520       ??__Eg_Gauss@@YAXXZ        10065520 f   hl_weapons.obj
 0001:00064540       ??__Eg_Egon@@YAXXZ         10065540 f   hl_weapons.obj
 0001:00064550       ??__Eg_HGun@@YAXXZ         10065550 f   hl_weapons.obj
 0001:00064570       ??__Eg_HandGren@@YAXXZ     10065570 f   hl_weapons.obj
 0001:00064580       ??__Eg_Satchel@@YAXXZ      10065580 f   hl_weapons.obj
 0001:00064590       ??__Eg_Tripmine@@YAXXZ     10065590 f   hl_weapons.obj
 0001:000645a0       ??__Eg_Snark@@YAXXZ        100655a0 f   hl_weapons.obj
 0001:000645b0       ??__Eg_ChumToadWeapon@@YAXXZ 100655b0 f   hl_weapons.obj
 0001:000645c0       ??__Eg_VoiceStatus@@YAXXZ  100655c0 f   voice_status.obj
 0001:000645e0       ??__FgHUD@@YAXXZ           100655e0 f   cdll_int.obj
 0001:000645f0       ??__Fg_StudioRenderer@@YAXXZ 100655f0 f   GameStudioModelRenderer.obj
 0001:00064600       ??__Fg_VoiceStatusHelper@@YAXXZ 10065600 f   hud.obj
 0001:00064610       ??__FtmpSchemes@?1???0CSchemeManager@@QAE@HH@Z@YAXXZ 10065610 f   vgui_SchemeManager.obj
 0001:00064630       ??__Fg_VoiceStatus@@YAXXZ  10065630 f   voice_status.obj
 0001:0006463a       ??__Fnomem@?5???2@YAPAXI@Z@YAXXZ 1006563a f   LIBCMT:new.obj
